Archive member included to satisfy reference by file (symbol)

/opt/devkitpro/devkitARM/bin/../lib/gcc/arm-none-eabi/14.1.0/thumb/libgcc.a(_arm_mulsf3.o)
                              entity.o (__aeabi_fmul)
/opt/devkitpro/devkitARM/bin/../lib/gcc/arm-none-eabi/14.1.0/thumb/libgcc.a(_call_via_rX.o)
                              mm_main_gba.o (_call_via_r1)
/opt/devkitpro/devkitARM/bin/../lib/gcc/arm-none-eabi/14.1.0/thumb/libgcc.a(_arm_addsubsf3.o)
                              entity.o (__aeabi_fsub)
/opt/devkitpro/devkitARM/bin/../lib/gcc/arm-none-eabi/14.1.0/thumb/libgcc.a(_arm_muldivsf3.o)
                              interface.o (__aeabi_fdiv)
/opt/devkitpro/devkitARM/bin/../lib/gcc/arm-none-eabi/14.1.0/thumb/libgcc.a(_arm_cmpsf2.o)
                              foe.o (__aeabi_fcmpeq)
/opt/devkitpro/devkitARM/bin/../lib/gcc/arm-none-eabi/14.1.0/thumb/libgcc.a(_arm_fixsfsi.o)
                              entity.o (__aeabi_f2iz)
/opt/devkitpro/devkitARM/bin/../lib/gcc/arm-none-eabi/14.1.0/thumb/libgcc.a(_aeabi_ldivmod.o)
                              bn_hw_text.o (__aeabi_ldivmod)
/opt/devkitpro/devkitARM/bin/../lib/gcc/arm-none-eabi/14.1.0/thumb/libgcc.a(_aeabi_uldivmod.o)
                              bn_hw_text.o (__aeabi_uldivmod)
/opt/devkitpro/devkitARM/bin/../lib/gcc/arm-none-eabi/14.1.0/thumb/libgcc.a(_sync_none.o)
                              (__sync_synchronize_none)
/opt/devkitpro/devkitARM/bin/../lib/gcc/arm-none-eabi/14.1.0/thumb/libgcc.a(_udivmoddi4.o)
                              /opt/devkitpro/devkitARM/bin/../lib/gcc/arm-none-eabi/14.1.0/thumb/libgcc.a(_aeabi_ldivmod.o) (__udivmoddi4)

Discarded input sections

 .text          0x00000000        0x0 /opt/devkitpro/devkitARM/bin/../lib/gcc/arm-none-eabi/14.1.0/../../../../arm-none-eabi/lib/thumb/gba_crt0.o
 .data          0x00000000        0x0 /opt/devkitpro/devkitARM/bin/../lib/gcc/arm-none-eabi/14.1.0/../../../../arm-none-eabi/lib/thumb/gba_crt0.o
 .bss           0x00000000        0x0 /opt/devkitpro/devkitARM/bin/../lib/gcc/arm-none-eabi/14.1.0/../../../../arm-none-eabi/lib/thumb/gba_crt0.o
 .text          0x00000000        0x0 /opt/devkitpro/devkitARM/bin/../lib/gcc/arm-none-eabi/14.1.0/thumb/crti.o
 .data          0x00000000        0x0 /opt/devkitpro/devkitARM/bin/../lib/gcc/arm-none-eabi/14.1.0/thumb/crti.o
 .bss           0x00000000        0x0 /opt/devkitpro/devkitARM/bin/../lib/gcc/arm-none-eabi/14.1.0/thumb/crti.o
 .text          0x00000000        0x0 /opt/devkitpro/devkitARM/bin/../lib/gcc/arm-none-eabi/14.1.0/thumb/crtbegin.o
 .data          0x00000000        0x0 /opt/devkitpro/devkitARM/bin/../lib/gcc/arm-none-eabi/14.1.0/thumb/crtbegin.o
 .bss           0x00000000        0x0 /opt/devkitpro/devkitARM/bin/../lib/gcc/arm-none-eabi/14.1.0/thumb/crtbegin.o
 .rodata.all_implied_fbits
                0x00000000       0x24 /opt/devkitpro/devkitARM/bin/../lib/gcc/arm-none-eabi/14.1.0/thumb/crtbegin.o
 .text          0x00000000        0x0 _bn_audio_soundbank.bin.o
 .data          0x00000000        0x0 _bn_audio_soundbank.bin.o
 .bss           0x00000000        0x0 _bn_audio_soundbank.bin.o
 .text          0x00000000        0x0 bg_church_bn_gfx.o
 .data          0x00000000        0x0 bg_church_bn_gfx.o
 .bss           0x00000000        0x0 bg_church_bn_gfx.o
 .text          0x00000000        0x0 bg_forest_bn_gfx.o
 .data          0x00000000        0x0 bg_forest_bn_gfx.o
 .bss           0x00000000        0x0 bg_forest_bn_gfx.o
 .text          0x00000000        0x0 bg_forest_res6_bn_gfx.o
 .data          0x00000000        0x0 bg_forest_res6_bn_gfx.o
 .bss           0x00000000        0x0 bg_forest_res6_bn_gfx.o
 .rodata        0x00000000     0x7e20 bg_forest_res6_bn_gfx.o
 .text          0x00000000        0x0 bg_forest_res7_bn_gfx.o
 .data          0x00000000        0x0 bg_forest_res7_bn_gfx.o
 .bss           0x00000000        0x0 bg_forest_res7_bn_gfx.o
 .rodata        0x00000000     0x7e20 bg_forest_res7_bn_gfx.o
 .text          0x00000000        0x0 bg_forest_res8_bn_gfx.o
 .data          0x00000000        0x0 bg_forest_res8_bn_gfx.o
 .bss           0x00000000        0x0 bg_forest_res8_bn_gfx.o
 .rodata        0x00000000     0x7e20 bg_forest_res8_bn_gfx.o
 .text          0x00000000        0x0 bg_sky_bn_gfx.o
 .data          0x00000000        0x0 bg_sky_bn_gfx.o
 .bss           0x00000000        0x0 bg_sky_bn_gfx.o
 .text          0x00000000        0x0 bg_title_bn_gfx.o
 .data          0x00000000        0x0 bg_title_bn_gfx.o
 .bss           0x00000000        0x0 bg_title_bn_gfx.o
 .text          0x00000000        0x0 empty_bn_gfx.o
 .data          0x00000000        0x0 empty_bn_gfx.o
 .bss           0x00000000        0x0 empty_bn_gfx.o
 .text          0x00000000        0x0 empty16x16_bn_gfx.o
 .data          0x00000000        0x0 empty16x16_bn_gfx.o
 .bss           0x00000000        0x0 empty16x16_bn_gfx.o
 .text          0x00000000        0x0 empty32x16_bn_gfx.o
 .data          0x00000000        0x0 empty32x16_bn_gfx.o
[...]
Memory Configuration

Name             Origin             Length             Attributes
rom              0x08000000         0x02000000
iwram            0x03000000         0x00008000
ewram            0x02000000         0x00040000
*default*        0x00000000         0xffffffff

Linker script and memory map

                0x00000000                        __sync_synchronize = __sync_synchronize_none
                0x08000000                        __text_start = ORIGIN (rom)
                0x02040000                        __eheap_end = (ORIGIN (ewram) + LENGTH (ewram))
                0x03000000                        __iwram_start = ORIGIN (iwram)
                0x03008000                        __iwram_top = (ORIGIN (iwram) + LENGTH (iwram))
                0x03007fa0                        __sp_irq = (__iwram_top - 0x60)
                0x03007f00                        __sp_usr = (__sp_irq - 0xa0)
                0x03007ff8                        __irq_flags = 0x3007ff8
                0x08000000                        . = __text_start

.crt0           0x08000000      0x210
 *(.crt0)
 .crt0          0x08000000      0x210 /opt/devkitpro/devkitARM/bin/../lib/gcc/arm-none-eabi/14.1.0/../../../../arm-none-eabi/lib/thumb/gba_crt0.o
                0x08000000                _start
                0x080000c4                __boot_method
                0x080000c5                __slave_number
                0x080000e0                start_vector
                0x08000210                        . = ALIGN (0x4)

.init           0x08000210        0xc
 *(SORT_NONE(.init))
 .init          0x08000210        0x4 /opt/devkitpro/devkitARM/bin/../lib/gcc/arm-none-eabi/14.1.0/thumb/crti.o
                0x08000210                _init
 .init          0x08000214        0x8 /opt/devkitpro/devkitARM/bin/../lib/gcc/arm-none-eabi/14.1.0/thumb/crtn.o

.plt            0x0800021c        0x0
 *(.plt)
                0x0800021c                        . = ALIGN (0x4)

.text           0x08000220    0x4dc70
 *(EXCLUDE_FILE(*.iwram*) .text*)
 .text.__do_global_dtors_aux
                0x08000220       0x2c /opt/devkitpro/devkitARM/bin/../lib/gcc/arm-none-eabi/14.1.0/thumb/crtbegin.o
 .text.frame_dummy
                0x0800024c       0x24 /opt/devkitpro/devkitARM/bin/../lib/gcc/arm-none-eabi/14.1.0/thumb/crtbegin.o
 .text._ZN3DPMC2EP6Seeker
                0x08000270        0x4 dpm.o
                0x08000270                DPM::DPM(Seeker*)
                0x08000270                DPM::DPM(Seeker*)
 .text._ZN3DPM12SaveProgressEv
                0x08000274       0x94 dpm.o
                0x08000274                DPM::SaveProgress()
 .text._ZN3DPM8SaveDataEv
                0x08000308       0xdc dpm.o
                0x08000308                DPM::SaveData()
 .text._ZN3DPM12LoadProgressEv
                0x080003e4       0x94 dpm.o
                0x080003e4                DPM::LoadProgress()
 .text._ZN3DPM8LoadDataEv
                0x08000478      0x11c dpm.o
                0x08000478                DPM::LoadData()
 .text._ZN6Entity6UpdateEv
                0x08000594        0x4 entity.o
                0x08000594                Entity::Update()
 .text._ZN6Entity11UpdateStateEv
                0x08000598        0x4 entity.o
                0x08000598                Entity::UpdateState()
 .text._ZN6Entity14EntityCollidesEPS_
                0x0800059c       0xc0 entity.o
                0x0800059c                Entity::EntityCollides(Entity*)
 .text._ZN6Entity8GetStateEv
                0x0800065c        0x8 entity.o
                0x0800065c                Entity::GetState()
 .text._ZN6Entity17ReleaseProjectionEv
                0x08000664       0x1c entity.o
                0x08000664                Entity::ReleaseProjection()
 .text._ZN3_bn6assert9show_argsIA22_cEEvPKcS4_S4_iRKT_
                0x08000680       0x48 entity.o
                0x08000680                void _bn::assert::show_args<char [22]>(char const*, char const*, char const*, int, char const (&) [22])
 .text._ZN6Entity14LoadProjectionEv
                0x080006c8       0xb4 entity.o
                0x080006c8                Entity::LoadProjection()
 .text._ZN6Entity14LoadProjectionEN2bn11sprite_itemE
                0x0800077c       0x28 entity.o
                0x0800077c                Entity::LoadProjection(bn::sprite_item)
 .text._ZN6Entity19CollisionCorrectionEv
                0x080007a4      0x104 entity.o
                0x080007a4                Entity::CollisionCorrection()
 .text._ZN6Entity12CheckColTileEv
                0x080008a8      0x4b4 entity.o
                0x080008a8                Entity::CheckColTile()
 .text._ZN6EntityC2EN2bn11sprite_itemEiiP5Scene
                0x08000d5c      0x298 entity.o
                0x08000d5c                Entity::Entity(bn::sprite_item, int, int, Scene*)
                0x08000d5c                Entity::Entity(bn::sprite_item, int, int, Scene*)
 .text._ZN3FoeC2EN2bn11sprite_itemEiiP6Seeker
                0x08000ff4       0x70 foe.o
                0x08000ff4                Foe::Foe(bn::sprite_item, int, int, Seeker*)
                0x08000ff4                Foe::Foe(bn::sprite_item, int, int, Seeker*)
 .text._ZN3Foe14CollisionCheckEv
                0x08001064       0x48 foe.o
                0x08001064                Foe::CollisionCheck()
 .text._ZN3Foe7CollideEv
                0x080010ac       0x44 foe.o
                0x080010ac                Foe::Collide()
 .text._ZN3Foe7ForceHPEi
                0x080010f0       0x14 foe.o
                0x080010f0                Foe::ForceHP(int)
 .text._ZN3Foe5GetHPEv
                0x08001104        0x8 foe.o
                0x08001104                Foe::GetHP()
 .text._ZN3Foe5SetHPEi
                0x0800110c        0xc foe.o
                0x0800110c                Foe::SetHP(int)
 .text._ZN3Foe6DetectEv
                0x08001118       0x2c foe.o
                0x08001118                Foe::Detect()
 .text._ZN3Foe9BossDeathEi
                0x08001144       0x7c foe.o
                0x08001144                Foe::BossDeath(int)
 .text._ZN3Foe11SetStateHitEv
                0x080011c0      0x248 foe.o
                0x080011c0                Foe::SetStateHit()
 .text._ZN3Foe10SetStateKOEv
                0x08001408      0x608 foe.o
                0x08001408                Foe::SetStateKO()
 .text._ZN3Foe6FlinchEb
                0x08001a10       0x88 foe.o
                0x08001a10                Foe::Flinch(bool)
 .text._ZN3Foe8ChangeHPEi
                0x08001a98       0xcc foe.o
                0x08001a98                Foe::ChangeHP(int)
 .text._ZN3Foe11CheckBorderEv
                0x08001b64      0x164 foe.o
                0x08001b64                Foe::CheckBorder()
 .text._ZN3Foe12CommonUpdateEv
                0x08001cc8       0xe8 foe.o
                0x08001cc8                Foe::CommonUpdate()
 .text._ZN4Agua8SetStateE11ActionState.part.0
                0x08001db0      0x4e0 foe_agua.o
 .text._ZN4Agua4VapeEv
                0x08002290       0x68 foe_agua.o
                0x08002290                Agua::Vape()
 .text._ZN4Agua4MoveEv
                0x080022f8       0x80 foe_agua.o
                0x080022f8                Agua::Move()
 .text._ZN4Agua6UpdateEv
                0x08002378      0x170 foe_agua.o
                0x08002378                Agua::Update()
 .text._ZN4Agua11UpdateStateEv
                0x080024e8       0x74 foe_agua.o
                0x080024e8                Agua::UpdateState()
 .text._ZN4AguaC2EiiP6Seekerb
                0x0800255c       0xf4 foe_agua.o
                0x0800255c                Agua::Agua(int, int, Seeker*, bool)
                0x0800255c                Agua::Agua(int, int, Seeker*, bool)
 .text._ZN10BarrenderoC2EiiP6Seeker
                0x08002650       0x8c foe_barrendero.o
                0x08002650                Barrendero::Barrendero(int, int, Seeker*)
                0x08002650                Barrendero::Barrendero(int, int, Seeker*)
 .text._ZN10Barrendero8SetStateE11ActionState.part.0
                0x080026dc      0x77c foe_barrendero.o
 .text._ZN10Barrendero4MoveEv
                0x08002e58       0x80 foe_barrendero.o
                0x08002e58                Barrendero::Move()
 .text._ZN10Barrendero11UpdateStateEv
                0x08002ed8       0xcc foe_barrendero.o
                0x08002ed8                Barrendero::UpdateState()
 .text._ZN10Barrendero6UpdateEv
                0x08002fa4      0x174 foe_barrendero.o
                0x08002fa4                Barrendero::Update()
 .text._ZN5CiegoC2EiiP6Seeker
                0x08003118       0x98 foe_ciego.o
                0x08003118                Ciego::Ciego(int, int, Seeker*)
                0x08003118                Ciego::Ciego(int, int, Seeker*)
 .text._ZN5Ciego8SetStateE11ActionState.part.0
                0x080031b0     0x11ec foe_ciego.o
 .text._ZN5Ciego4MoveEv
                0x0800439c       0x80 foe_ciego.o
                0x0800439c                Ciego::Move()
 .text._ZN5Ciego6UpdateEv
                0x0800441c      0x324 foe_ciego.o
                0x0800441c                Ciego::Update()
 .text._ZN5Ciego11UpdateStateEv
                0x08004740      0x194 foe_ciego.o
                0x08004740                Ciego::UpdateState()
 .text._ZN7ClerigoC2EiiP6Seeker
                0x080048d4       0xac foe_clerigo.o
                0x080048d4                Clerigo::Clerigo(int, int, Seeker*)
                0x080048d4                Clerigo::Clerigo(int, int, Seeker*)
 .text._ZN7Clerigo8ApproachEv
                0x08004980       0x94 foe_clerigo.o
                0x08004980                Clerigo::Approach()
 .text._ZN7Clerigo8SetStateE11ActionState.part.0
                0x08004a14      0xff8 foe_clerigo.o
 .text._ZN7Clerigo4MoveEv
                0x08005a0c       0x80 foe_clerigo.o
                0x08005a0c                Clerigo::Move()
 .text._ZN7Clerigo6UpdateEv
                0x08005a8c      0x1f8 foe_clerigo.o
                0x08005a8c                Clerigo::Update()
 .text._ZN7Clerigo11UpdateStateEv
                0x08005c84      0x11c foe_clerigo.o
                0x08005c84                Clerigo::UpdateState()
 .text._ZN8CocineroC2EiiP6Seeker
                0x08005da0       0x94 foe_cocinero.o
                0x08005da0                Cocinero::Cocinero(int, int, Seeker*)
                0x08005da0                Cocinero::Cocinero(int, int, Seeker*)
 .text._ZN8Cocinero8SetStateE11ActionState.part.0
                0x08005e34      0x58c foe_cocinero.o
 .text._ZN8Cocinero4MoveEv
                0x080063c0       0x80 foe_cocinero.o
                0x080063c0                Cocinero::Move()
 .text._ZN8Cocinero5SlashEv
                0x08006440       0xa0 foe_cocinero.o
                0x08006440                Cocinero::Slash()
 .text._ZN8Cocinero11UpdateStateEv
                0x080064e0       0xa0 foe_cocinero.o
                0x080064e0                Cocinero::UpdateState()
 .text._ZN8Cocinero6UpdateEv
                0x08006580      0x188 foe_cocinero.o
                0x08006580                Cocinero::Update()
 .text._ZN6FraileC2EiiP6Seeker
                0x08006708       0x9c foe_fraile.o
                0x08006708                Fraile::Fraile(int, int, Seeker*)
                0x08006708                Fraile::Fraile(int, int, Seeker*)
 .text._ZN6Fraile8SetStateE11ActionState.part.0
                0x080067a4      0x7b4 foe_fraile.o
 .text._ZN6Fraile4MoveEv
                0x08006f58       0x80 foe_fraile.o
                0x08006f58                Fraile::Move()
 .text._ZN6Fraile11UpdateStateEv
                0x08006fd8       0xbc foe_fraile.o
                0x08006fd8                Fraile::UpdateState()
 .text._ZN6Fraile6UpdateEv
                0x08007094      0x1ec foe_fraile.o
                0x08007094                Fraile::Update()
 .text._ZN5Fuego8SetStateE11ActionState
                0x08007280      0x260 foe_fuego.o
                0x08007280                Fuego::SetState(ActionState)
 .text._ZN5Fuego11UpdateStateEv
                0x080074e0       0x38 foe_fuego.o
                0x080074e0                Fuego::UpdateState()
 .text._ZN5FuegoC2EiiP6Seeker
                0x08007518       0xb0 foe_fuego.o
                0x08007518                Fuego::Fuego(int, int, Seeker*)
                0x08007518                Fuego::Fuego(int, int, Seeker*)
 .text._ZN5Fuego6UpdateEv
                0x080075c8       0x90 foe_fuego.o
                0x080075c8                Fuego::Update()
 .text._ZN6JabaliC2EiiP6Seeker
                0x08007658       0x8c foe_jabali.o
                0x08007658                Jabali::Jabali(int, int, Seeker*)
                0x08007658                Jabali::Jabali(int, int, Seeker*)
 .text._ZN6Jabali8SetStateE11ActionState.part.0
                0x080076e4      0x628 foe_jabali.o
 .text._ZN6Jabali6ChargeEv
                0x08007d0c       0x58 foe_jabali.o
                0x08007d0c                Jabali::Charge()
 .text._ZN6Jabali4MoveEv
                0x08007d64       0x80 foe_jabali.o
                0x08007d64                Jabali::Move()
 .text._ZN6Jabali4BashEv
                0x08007de4       0x84 foe_jabali.o
                0x08007de4                Jabali::Bash()
 .text._ZN6Jabali11UpdateStateEv
                0x08007e68       0xa0 foe_jabali.o
                0x08007e68                Jabali::UpdateState()
 .text._ZN6Jabali6UpdateEv
                0x08007f08      0x170 foe_jabali.o
                0x08007f08                Jabali::Update()
 .text._ZN5PerroC2EiiP6Seeker
                0x08008078       0x98 foe_perro.o
                0x08008078                Perro::Perro(int, int, Seeker*)
                0x08008078                Perro::Perro(int, int, Seeker*)
 .text._ZN5Perro8SetStateE11ActionState.part.0
                0x08008110      0xba4 foe_perro.o
 .text._ZN5Perro4MoveEv
                0x08008cb4       0x80 foe_perro.o
                0x08008cb4                Perro::Move()
 .text._ZN5Perro11UpdateStateEv
                0x08008d34      0x114 foe_perro.o
                0x08008d34                Perro::UpdateState()
 .text._ZN5Perro6UpdateEv
                0x08008e48      0x2a8 foe_perro.o
                0x08008e48                Perro::Update()
 .text._ZN6Piedra4MoveEv
                0x080090f0       0x5c foe_piedra.o
                0x080090f0                Piedra::Move()
 .text._ZN6PiedraC2EiiP6Seekerb
                0x0800914c       0xb8 foe_piedra.o
                0x0800914c                Piedra::Piedra(int, int, Seeker*, bool)
                0x0800914c                Piedra::Piedra(int, int, Seeker*, bool)
 .text._ZN6Piedra6UpdateEv
                0x08009204      0x14c foe_piedra.o
                0x08009204                Piedra::Update()
 .text._ZN6Static6UpdateEv
                0x08009350       0x24 foe_static.o
                0x08009350                Static::Update()
 .text._ZN6StaticC2EiiP6Seekeriii
                0x08009374       0x6c foe_static.o
                0x08009374                Static::Static(int, int, Seeker*, int, int, int)
                0x08009374                Static::Static(int, int, Seeker*, int, int, int)
 .text._ZN3Uva4MoveEv
                0x080093e0       0x5c foe_uva.o
                0x080093e0                Uva::Move()
 .text._ZN3UvaC2EiiP6Seekerb
                0x0800943c       0xb8 foe_uva.o
                0x0800943c                Uva::Uva(int, int, Seeker*, bool)
                0x0800943c                Uva::Uva(int, int, Seeker*, bool)
 .text._ZN3Uva6UpdateEv
                0x080094f4      0x14c foe_uva.o
                0x080094f4                Uva::Update()
 .text._ZN5ZafioC2EiiP6Seeker
                0x08009640       0x8c foe_zafio.o
                0x08009640                Zafio::Zafio(int, int, Seeker*)
                0x08009640                Zafio::Zafio(int, int, Seeker*)
 .text._ZN5Zafio8SetStateE11ActionState.part.0
                0x080096cc      0x760 foe_zafio.o
 .text._ZN5Zafio4MoveEv
                0x08009e2c       0x80 foe_zafio.o
                0x08009e2c                Zafio::Move()
 .text._ZN5Zafio11UpdateStateEv
                0x08009eac       0xb8 foe_zafio.o
                0x08009eac                Zafio::UpdateState()
 .text._ZN5Zafio6UpdateEv
                0x08009f64      0x168 foe_zafio.o
                0x08009f64                Zafio::Update()
 .text._ZN13ZafioLanzadorC2EiiP6Seeker
                0x0800a0cc       0x8c foe_zafiolanzador.o
                0x0800a0cc                ZafioLanzador::ZafioLanzador(int, int, Seeker*)
                0x0800a0cc                ZafioLanzador::ZafioLanzador(int, int, Seeker*)
 .text.unlikely._ZSt28__throw_bad_array_new_lengthv
                0x0800a158        0x0 foe_zafiolanzador.o
                0x0800a158                std::__throw_bad_array_new_length()
 .text._ZN13ZafioLanzador8SetStateE11ActionState.part.0
                0x0800a158      0x754 foe_zafiolanzador.o
 .text._ZN13ZafioLanzador8StepbackEv
                0x0800a8ac       0x7c foe_zafiolanzador.o
                0x0800a8ac                ZafioLanzador::Stepback()
 .text._ZN13ZafioLanzador4MoveEv
                0x0800a928       0x80 foe_zafiolanzador.o
                0x0800a928                ZafioLanzador::Move()
 .text._ZN13ZafioLanzador11UpdateStateEv
                0x0800a9a8       0xb8 foe_zafiolanzador.o
                0x0800a9a8                ZafioLanzador::UpdateState()
 .text._ZN13ZafioLanzador6UpdateEv
                0x0800aa60      0x1f8 foe_zafiolanzador.o
                0x0800aa60                ZafioLanzador::Update()
 .text._ZN9InterfaceC2Ev
                0x0800ac58      0x55c interface.o
                0x0800ac58                Interface::Interface()
                0x0800ac58                Interface::Interface()
 .text._ZN9Interface5PauseEb
                0x0800b1b4       0xd4 interface.o
                0x0800b1b4                Interface::Pause(bool)
 .text._ZN9Interface5ClearEv
                0x0800b288      0x2cc interface.o
                0x0800b288                Interface::Clear()
 .text._ZN9Interface5OrderEv
                0x0800b554      0x480 interface.o
                0x0800b554                Interface::Order()
 .text._ZN9Interface12IntermissionEN2bn11string_viewES1_S1_bi
                0x0800b9d4      0x520 interface.o
                0x0800b9d4                Interface::Intermission(bn::string_view, bn::string_view, bn::string_view, bool, int)
 .text._ZN9Interface14ReceiveMessageEN2bn11string_viewEii
                0x0800bef4      0x448 interface.o
                0x0800bef4                Interface::ReceiveMessage(bn::string_view, int, int)
 .text._ZN9Interface15EndTransmissionEv
                0x0800c33c      0x350 interface.o
                0x0800c33c                Interface::EndTransmission()
 .text._ZN9Interface4LoadEP6Seeker
                0x0800c68c      0x91c interface.o
                0x0800c68c                Interface::Load(Seeker*)
 .text._ZN4Item4GrabEv
                0x0800cfa8        0x4 item.o
                0x0800cfa8                Item::Grab()
 .text._ZN4Item6UpdateEv
                0x0800cfac       0x3c item.o
                0x0800cfac                Item::Update()
 .text._ZN4ItemC2EN2bn11sprite_itemEiiP6Seeker
                0x0800cfe8       0x6c item.o
                0x0800cfe8                Item::Item(bn::sprite_item, int, int, Seeker*)
                0x0800cfe8                Item::Item(bn::sprite_item, int, int, Seeker*)
 .text._ZN5Boots4GrabEv
                0x0800d054       0xa8 item_boots.o
                0x0800d054                Boots::Grab()
 .text._ZN5BootsC2EiiP6Seeker
                0x0800d0fc       0x58 item_boots.o
                0x0800d0fc                Boots::Boots(int, int, Seeker*)
                0x0800d0fc                Boots::Boots(int, int, Seeker*)
 .text._ZN5Bunch4GrabEv
                0x0800d154       0xb4 item_bunch.o
                0x0800d154                Bunch::Grab()
 .text._ZN5BunchC2EiiP6Seekeri
                0x0800d208       0x44 item_bunch.o
                0x0800d208                Bunch::Bunch(int, int, Seeker*, int)
                0x0800d208                Bunch::Bunch(int, int, Seeker*, int)
 .text._ZN4Coin4GrabEv
                0x0800d24c       0x14 item_coin.o
                0x0800d24c                Coin::Grab()
 .text._ZN4CoinC2EiiP6Seeker
                0x0800d260       0x3c item_coin.o
                0x0800d260                Coin::Coin(int, int, Seeker*)
                0x0800d260                Coin::Coin(int, int, Seeker*)
 .text._ZN5Grape4GrabEv
                0x0800d29c       0x14 item_grape.o
                0x0800d29c                Grape::Grab()
 .text._ZN5GrapeC2EiiP6Seeker
                0x0800d2b0       0x3c item_grape.o
                0x0800d2b0                Grape::Grape(int, int, Seeker*)
                0x0800d2b0                Grape::Grape(int, int, Seeker*)
 .text._ZN4Rose4GrabEv
                0x0800d2ec       0x28 item_rose.o
                0x0800d2ec                Rose::Grab()
 .text._ZN4RoseC2EiiP6Seekeri
                0x0800d314       0x44 item_rose.o
                0x0800d314                Rose::Rose(int, int, Seeker*, int)
                0x0800d314                Rose::Rose(int, int, Seeker*, int)
 .text._ZN6Shield4GrabEv
                0x0800d358       0xac item_shield.o
                0x0800d358                Shield::Grab()
 .text._ZN6ShieldC2EiiP6Seeker
                0x0800d404       0x54 item_shield.o
                0x0800d404                Shield::Shield(int, int, Seeker*)
                0x0800d404                Shield::Shield(int, int, Seeker*)
 .text._ZN13TextGeneratorC2Ev
                0x0800d458       0x38 main.o
                0x0800d458                TextGenerator::TextGenerator()
                0x0800d458                TextGenerator::TextGenerator()
 .text.startup.main
                0x0800d490      0xbd0 main.o
                0x0800d490                main
 .text._ZN3NPC10EventCheckEv
                0x0800e060        0x4 npc.o
                0x0800e060                NPC::EventCheck()
 .text._ZN3NPC7SetAnimEi
                0x0800e064        0x4 npc.o
                0x0800e064                NPC::SetAnim(int)
 .text._ZNSt6vectorIN2bn11string_viewESaIS1_EEaSERKS3_.isra.0
                0x0800e068       0xf4 npc.o
 .text._ZN3NPCC2EN2bn11sprite_itemEiiP6Seeker
                0x0800e15c       0x9c npc.o
                0x0800e15c                NPC::NPC(bn::sprite_item, int, int, Seeker*)
                0x0800e15c                NPC::NPC(bn::sprite_item, int, int, Seeker*)
 .text._ZN3NPC8InteractEv
                0x0800e1f8       0xf0 npc.o
                0x0800e1f8                NPC::Interact()
 .text._ZN3NPC14EndInteractionEv
                0x0800e2e8       0x38 npc.o
                0x0800e2e8                NPC::EndInteraction()
 .text._ZN3NPC6LookAtEv
                0x0800e320       0x6c npc.o
                0x0800e320                NPC::LookAt()
 .text._ZN3NPC6UpdateEv
                0x0800e38c      0x158 npc.o
                0x0800e38c                NPC::Update()
 .text._ZN4Bell11UpdateStateEv
                0x0800e4e4       0x88 npc_bell.o
                0x0800e4e4                Bell::UpdateState()
 .text._ZNSt6vectorIN2bn11string_viewESaIS1_EEaSERKS3_.isra.0
                0x0800e56c       0xf4 npc_bell.o
 .text._ZN4Bell10EventCheckEv
                0x0800e660       0x84 npc_bell.o
                0x0800e660                Bell::EventCheck()
 .text._ZN4Bell7SetAnimEi
                0x0800e6e4      0x554 npc_bell.o
                0x0800e6e4                Bell::SetAnim(int)
 .text._ZN4BellC2EiiP6Seeker
                0x0800ec38      0x840 npc_bell.o
                0x0800ec38                Bell::Bell(int, int, Seeker*)
                0x0800ec38                Bell::Bell(int, int, Seeker*)
 .text._ZN7Bell_EN11UpdateStateEv
                0x0800f478       0x88 npc_bell_en.o
                0x0800f478                Bell_EN::UpdateState()
 .text._ZNSt6vectorIN2bn11string_viewESaIS1_EEaSERKS3_.isra.0
                0x0800f500       0xf4 npc_bell_en.o
 .text._ZN7Bell_EN10EventCheckEv
                0x0800f5f4       0x84 npc_bell_en.o
                0x0800f5f4                Bell_EN::EventCheck()
 .text._ZN7Bell_EN7SetAnimEi
                0x0800f678      0x554 npc_bell_en.o
                0x0800f678                Bell_EN::SetAnim(int)
 .text._ZN7Bell_ENC2EiiP6Seeker
                0x0800fbcc      0x840 npc_bell_en.o
                0x0800fbcc                Bell_EN::Bell_EN(int, int, Seeker*)
                0x0800fbcc                Bell_EN::Bell_EN(int, int, Seeker*)
 .text._ZN10Calderero111UpdateStateEv
                0x0801040c       0x38 npc_calderero_1.o
                0x0801040c                Calderero1::UpdateState()
 .text._ZNSt6vectorIN2bn11string_viewESaIS1_EEaSERKS3_.isra.0
                0x08010444       0xf4 npc_calderero_1.o
 .text._ZNSt6vectorIN2bn11string_viewESaIS1_EE12emplace_backIJS1_EEERS1_DpOT_.isra.0
                0x08010538       0xb4 npc_calderero_1.o
 .text._ZN10Calderero17SetAnimEi
                0x080105ec      0x258 npc_calderero_1.o
                0x080105ec                Calderero1::SetAnim(int)
 .text._ZN10Calderero1C2EiiP6Seeker
                0x08010844     0x2004 npc_calderero_1.o
                0x08010844                Calderero1::Calderero1(int, int, Seeker*)
                0x08010844                Calderero1::Calderero1(int, int, Seeker*)
 .text._ZN10Calderero110EventCheckEv
                0x08012848      0x7fc npc_calderero_1.o
                0x08012848                Calderero1::EventCheck()
 .text._ZN13Calderero1_EN11UpdateStateEv
                0x08013044       0x38 npc_calderero_1_en.o
                0x08013044                Calderero1_EN::UpdateState()
 .text._ZNSt6vectorIN2bn11string_viewESaIS1_EEaSERKS3_.isra.0
                0x0801307c       0xf4 npc_calderero_1_en.o
 .text._ZNSt6vectorIN2bn11string_viewESaIS1_EE12emplace_backIJS1_EEERS1_DpOT_.isra.0
                0x08013170       0xb4 npc_calderero_1_en.o
 .text._ZN13Calderero1_EN7SetAnimEi
                0x08013224      0x258 npc_calderero_1_en.o
                0x08013224                Calderero1_EN::SetAnim(int)
 .text._ZN13Calderero1_ENC2EiiP6Seeker
                0x0801347c     0x1f64 npc_calderero_1_en.o
                0x0801347c                Calderero1_EN::Calderero1_EN(int, int, Seeker*)
                0x0801347c                Calderero1_EN::Calderero1_EN(int, int, Seeker*)
 .text._ZN13Calderero1_EN10EventCheckEv
                0x080153e0      0x820 npc_calderero_1_en.o
                0x080153e0                Calderero1_EN::EventCheck()
 .text._ZN10Calderero211UpdateStateEv
                0x08015c00       0x38 npc_calderero_2.o
                0x08015c00                Calderero2::UpdateState()
 .text._ZN10Calderero27SetAnimEi
                0x08015c38      0x258 npc_calderero_2.o
                0x08015c38                Calderero2::SetAnim(int)
 .text._ZN10Calderero2C2EiiP6Seeker
                0x08015e90     0x15a8 npc_calderero_2.o
                0x08015e90                Calderero2::Calderero2(int, int, Seeker*)
                0x08015e90                Calderero2::Calderero2(int, int, Seeker*)
 .text._ZN10Calderero210EventCheckEv
                0x08017438       0x58 npc_calderero_2.o
                0x08017438                Calderero2::EventCheck()
 .text._ZN13Calderero2_EN11UpdateStateEv
                0x08017490       0x38 npc_calderero_2_en.o
                0x08017490                Calderero2_EN::UpdateState()
 .text._ZN13Calderero2_EN7SetAnimEi
                0x080174c8      0x258 npc_calderero_2_en.o
                0x080174c8                Calderero2_EN::SetAnim(int)
 .text._ZN13Calderero2_ENC2EiiP6Seeker
                0x08017720     0x1584 npc_calderero_2_en.o
                0x08017720                Calderero2_EN::Calderero2_EN(int, int, Seeker*)
                0x08017720                Calderero2_EN::Calderero2_EN(int, int, Seeker*)
 .text._ZN13Calderero2_EN10EventCheckEv
                0x08018ca4       0x58 npc_calderero_2_en.o
                0x08018ca4                Calderero2_EN::EventCheck()
 .text._ZN7Carreta11UpdateStateEv
                0x08018cfc       0x38 npc_carreta.o
                0x08018cfc                Carreta::UpdateState()
 .text._ZN7Carreta7SetAnimEi
                0x08018d34      0x258 npc_carreta.o
                0x08018d34                Carreta::SetAnim(int)
 .text._ZN7CarretaC2EiiP6Seeker
                0x08018f8c       0x4c npc_carreta.o
                0x08018f8c                Carreta::Carreta(int, int, Seeker*)
                0x08018f8c                Carreta::Carreta(int, int, Seeker*)
 .text._ZN8CiegoNPC10EventCheckEv
                0x08018fd8       0x38 npc_ciego.o
                0x08018fd8                CiegoNPC::EventCheck()
 .text._ZN8CiegoNPC11UpdateStateEv
                0x08019010       0x38 npc_ciego.o
                0x08019010                CiegoNPC::UpdateState()
 .text._ZN8CiegoNPC7SetAnimEi
                0x08019048      0x25c npc_ciego.o
                0x08019048                CiegoNPC::SetAnim(int)
 .text._ZN8CiegoNPCC2EiiP6Seeker
                0x080192a4     0x11d0 npc_ciego.o
                0x080192a4                CiegoNPC::CiegoNPC(int, int, Seeker*)
                0x080192a4                CiegoNPC::CiegoNPC(int, int, Seeker*)
 .text._ZN11CiegoNPC_EN10EventCheckEv
                0x0801a474       0x38 npc_ciego_en.o
                0x0801a474                CiegoNPC_EN::EventCheck()
 .text._ZN11CiegoNPC_EN11UpdateStateEv
                0x0801a4ac       0x38 npc_ciego_en.o
                0x0801a4ac                CiegoNPC_EN::UpdateState()
 .text._ZN11CiegoNPC_EN7SetAnimEi
                0x0801a4e4      0x25c npc_ciego_en.o
                0x0801a4e4                CiegoNPC_EN::SetAnim(int)
 .text._ZN11CiegoNPC_ENC2EiiP6Seeker
                0x0801a740     0x11d0 npc_ciego_en.o
                0x0801a740                CiegoNPC_EN::CiegoNPC_EN(int, int, Seeker*)
                0x0801a740                CiegoNPC_EN::CiegoNPC_EN(int, int, Seeker*)
 .text._ZN10ClerigoNPC10EventCheckEv
                0x0801b910       0x38 npc_clerigo.o
                0x0801b910                ClerigoNPC::EventCheck()
 .text._ZN10ClerigoNPC11UpdateStateEv
                0x0801b948       0x38 npc_clerigo.o
                0x0801b948                ClerigoNPC::UpdateState()
 .text._ZN10ClerigoNPC7SetAnimEi
                0x0801b980      0x258 npc_clerigo.o
                0x0801b980                ClerigoNPC::SetAnim(int)
 .text._ZN10ClerigoNPCC2EiiP6Seeker
                0x0801bbd8     0x137c npc_clerigo.o
                0x0801bbd8                ClerigoNPC::ClerigoNPC(int, int, Seeker*)
                0x0801bbd8                ClerigoNPC::ClerigoNPC(int, int, Seeker*)
 .text._ZN13ClerigoNPC_EN10EventCheckEv
                0x0801cf54       0x38 npc_clerigo_en.o
                0x0801cf54                ClerigoNPC_EN::EventCheck()
 .text._ZN13ClerigoNPC_EN11UpdateStateEv
                0x0801cf8c       0x38 npc_clerigo_en.o
                0x0801cf8c                ClerigoNPC_EN::UpdateState()
 .text._ZN13ClerigoNPC_EN7SetAnimEi
                0x0801cfc4      0x258 npc_clerigo_en.o
                0x0801cfc4                ClerigoNPC_EN::SetAnim(int)
 .text._ZN13ClerigoNPC_ENC2EiiP6Seeker
                0x0801d21c     0x1378 npc_clerigo_en.o
                0x0801d21c                ClerigoNPC_EN::ClerigoNPC_EN(int, int, Seeker*)
                0x0801d21c                ClerigoNPC_EN::ClerigoNPC_EN(int, int, Seeker*)
 .text._ZN9Doncella111UpdateStateEv
                0x0801e594       0x38 npc_doncella_1.o
                0x0801e594                Doncella1::UpdateState()
 .text._ZNSt6vectorIN2bn11string_viewESaIS1_EEaSERKS3_.isra.0
                0x0801e5cc       0xf4 npc_doncella_1.o
 .text._ZN9Doncella17SetAnimEi
                0x0801e6c0      0x264 npc_doncella_1.o
                0x0801e6c0                Doncella1::SetAnim(int)
 .text._ZN9Doncella1C2EiiP6Seeker
                0x0801e924      0x8b8 npc_doncella_1.o
                0x0801e924                Doncella1::Doncella1(int, int, Seeker*)
                0x0801e924                Doncella1::Doncella1(int, int, Seeker*)
 .text._ZN9Doncella110EventCheckEv
                0x0801f1dc     0x10f8 npc_doncella_1.o
                0x0801f1dc                Doncella1::EventCheck()
 .text._ZN12Doncella1_EN11UpdateStateEv
                0x080202d4       0x38 npc_doncella_1_en.o
                0x080202d4                Doncella1_EN::UpdateState()
 .text._ZNSt6vectorIN2bn11string_viewESaIS1_EEaSERKS3_.isra.0
                0x0802030c       0xf4 npc_doncella_1_en.o
 .text._ZN12Doncella1_EN7SetAnimEi
                0x08020400      0x264 npc_doncella_1_en.o
                0x08020400                Doncella1_EN::SetAnim(int)
 .text._ZN12Doncella1_ENC2EiiP6Seeker
                0x08020664      0x8b8 npc_doncella_1_en.o
                0x08020664                Doncella1_EN::Doncella1_EN(int, int, Seeker*)
                0x08020664                Doncella1_EN::Doncella1_EN(int, int, Seeker*)
 .text._ZN12Doncella1_EN10EventCheckEv
                0x08020f1c      0xee0 npc_doncella_1_en.o
                0x08020f1c                Doncella1_EN::EventCheck()
 .text._ZN9Doncella211UpdateStateEv
                0x08021dfc       0x38 npc_doncella_2.o
                0x08021dfc                Doncella2::UpdateState()
 .text._ZNSt6vectorIN2bn11string_viewESaIS1_EEaSERKS3_.isra.0
                0x08021e34       0xf4 npc_doncella_2.o
 .text._ZN9Doncella27SetAnimEi
                0x08021f28      0x264 npc_doncella_2.o
                0x08021f28                Doncella2::SetAnim(int)
 .text._ZN9Doncella2C2EiiP6Seeker
                0x0802218c      0xa84 npc_doncella_2.o
                0x0802218c                Doncella2::Doncella2(int, int, Seeker*)
                0x0802218c                Doncella2::Doncella2(int, int, Seeker*)
 .text._ZN9Doncella210EventCheckEv
                0x08022c10     0x1344 npc_doncella_2.o
                0x08022c10                Doncella2::EventCheck()
 .text._ZN12Doncella2_EN11UpdateStateEv
                0x08023f54       0x38 npc_doncella_2_en.o
                0x08023f54                Doncella2_EN::UpdateState()
 .text._ZNSt6vectorIN2bn11string_viewESaIS1_EEaSERKS3_.isra.0
                0x08023f8c       0xf4 npc_doncella_2_en.o
 .text._ZN12Doncella2_EN7SetAnimEi
                0x08024080      0x264 npc_doncella_2_en.o
                0x08024080                Doncella2_EN::SetAnim(int)
 .text._ZN12Doncella2_ENC2EiiP6Seeker
                0x080242e4      0x878 npc_doncella_2_en.o
                0x080242e4                Doncella2_EN::Doncella2_EN(int, int, Seeker*)
                0x080242e4                Doncella2_EN::Doncella2_EN(int, int, Seeker*)
 .text._ZN12Doncella2_EN10EventCheckEv
                0x08024b5c     0x10cc npc_doncella_2_en.o
                0x08024b5c                Doncella2_EN::EventCheck()
 .text._ZN9FraileNPC11UpdateStateEv
                0x08025c28       0x38 npc_fraile.o
                0x08025c28                FraileNPC::UpdateState()
 .text._ZN9FraileNPC7SetAnimEi
                0x08025c60      0x258 npc_fraile.o
                0x08025c60                FraileNPC::SetAnim(int)
 .text._ZN9FraileNPCC2EiiP6Seeker
                0x08025eb8       0x80 npc_fraile.o
                0x08025eb8                FraileNPC::FraileNPC(int, int, Seeker*)
                0x08025eb8                FraileNPC::FraileNPC(int, int, Seeker*)
 .text._ZN5Madre10EventCheckEv
                0x08025f38       0x10 npc_madre.o
                0x08025f38                Madre::EventCheck()
 .text._ZN5Madre11UpdateStateEv
                0x08025f48       0x38 npc_madre.o
                0x08025f48                Madre::UpdateState()
 .text._ZN5Madre7SetAnimEi
                0x08025f80      0x25c npc_madre.o
                0x08025f80                Madre::SetAnim(int)
 .text._ZN5MadreC2EiiP6Seeker
                0x080261dc      0xeac npc_madre.o
                0x080261dc                Madre::Madre(int, int, Seeker*)
                0x080261dc                Madre::Madre(int, int, Seeker*)
 .text._ZN8Madre_EN10EventCheckEv
                0x08027088       0x10 npc_madre_en.o
                0x08027088                Madre_EN::EventCheck()
 .text._ZN8Madre_EN11UpdateStateEv
                0x08027098       0x38 npc_madre_en.o
                0x08027098                Madre_EN::UpdateState()
 .text._ZN8Madre_EN7SetAnimEi
                0x080270d0      0x25c npc_madre_en.o
                0x080270d0                Madre_EN::SetAnim(int)
 .text._ZN8Madre_ENC2EiiP6Seeker
                0x0802732c      0xebc npc_madre_en.o
                0x0802732c                Madre_EN::Madre_EN(int, int, Seeker*)
                0x0802732c                Madre_EN::Madre_EN(int, int, Seeker*)
 .text._ZN8SignpostC2EiiP6SeekerN2bn11string_viewES3_S3_
                0x080281e8      0x368 npc_signpost.o
                0x080281e8                Signpost::Signpost(int, int, Seeker*, bn::string_view, bn::string_view, bn::string_view)
                0x080281e8                Signpost::Signpost(int, int, Seeker*, bn::string_view, bn::string_view, bn::string_view)
 .text._ZN4Well10EventCheckEv
                0x08028550       0xa8 npc_well.o
                0x08028550                Well::EventCheck()
 .text._ZN4WellC2EiiP6Seekeri
                0x080285f8      0x390 npc_well.o
                0x080285f8                Well::Well(int, int, Seeker*, int)
                0x080285f8                Well::Well(int, int, Seeker*, int)
 .text._ZN7Well_EN10EventCheckEv
                0x08028988       0xa8 npc_well_en.o
                0x08028988                Well_EN::EventCheck()
 .text._ZN7Well_ENC2EiiP6Seekeri
                0x08028a30      0x390 npc_well_en.o
                0x08028a30                Well_EN::Well_EN(int, int, Seeker*, int)
                0x08028a30                Well_EN::Well_EN(int, int, Seeker*, int)
 .text._ZN8ZafioNPC11UpdateStateEv
                0x08028dc0       0x38 npc_zafio.o
                0x08028dc0                ZafioNPC::UpdateState()
 .text._ZN8ZafioNPC7SetAnimEi
                0x08028df8      0x258 npc_zafio.o
                0x08028df8                ZafioNPC::SetAnim(int)
 .text._ZN8ZafioNPCC2EiiP6Seeker
                0x08029050      0x98c npc_zafio.o
                0x08029050                ZafioNPC::ZafioNPC(int, int, Seeker*)
                0x08029050                ZafioNPC::ZafioNPC(int, int, Seeker*)
 .text._ZN11ZafioNPC_EN11UpdateStateEv
                0x080299dc       0x38 npc_zafio_en.o
                0x080299dc                ZafioNPC_EN::UpdateState()
 .text._ZN11ZafioNPC_EN7SetAnimEi
                0x08029a14      0x258 npc_zafio_en.o
                0x08029a14                ZafioNPC_EN::SetAnim(int)
 .text._ZN11ZafioNPC_ENC2EiiP6Seeker
                0x08029c6c      0x98c npc_zafio_en.o
                0x08029c6c                ZafioNPC_EN::ZafioNPC_EN(int, int, Seeker*)
                0x08029c6c                ZafioNPC_EN::ZafioNPC_EN(int, int, Seeker*)
 .text._ZN5Scene16SetSceneLanguageEv
                0x0802a5f8       0x24 scene.o
                0x0802a5f8                Scene::SetSceneLanguage()
 .text._ZN5Scene8SetTilesEiii
                0x0802a61c      0x384 scene.o
                0x0802a61c                Scene::SetTiles(int, int, int)
 .text._ZN5Scene11GetStartPosEb
                0x0802a9a0        0xc scene.o
                0x0802a9a0                Scene::GetStartPos(bool)
 .text._ZN5Scene13ClearEntitiesEv
                0x0802a9ac      0x64c scene.o
                0x0802a9ac                Scene::ClearEntities()
 .text._ZN5Scene6AddFoeEP3Foe
                0x0802aff8       0xa0 scene.o
                0x0802aff8                Scene::AddFoe(Foe*)
 .text._ZN5Scene7AddCastEP6Entity
                0x0802b098       0xa0 scene.o
                0x0802b098                Scene::AddCast(Entity*)
 .text._ZN5Scene9GetCameraEv
                0x0802b138       0x14 scene.o
                0x0802b138                Scene::GetCamera()
 .text._ZN5Scene6SetBGMEi
                0x0802b14c       0xa8 scene.o
                0x0802b14c                Scene::SetBGM(int)
 .text._ZN5Scene8SetSceneEiN2bn14affine_bg_itemEiiiNS0_15regular_bg_itemEiifS2_iif
                0x0802b1f4       0xc0 scene.o
                0x0802b1f4                Scene::SetScene(int, bn::affine_bg_item, int, int, int, bn::regular_bg_item, int, int, float, bn::regular_bg_item, int, int, float)
 .text._ZN5Scene9SetSceneBEiN2bn14affine_bg_itemEiiiNS0_15regular_bg_itemEiif
                0x0802b2b4       0x8c scene.o
                0x0802b2b4                Scene::SetSceneB(int, bn::affine_bg_item, int, int, int, bn::regular_bg_item, int, int, float)
 .text._ZN5Scene7ObserveEP6Entity
                0x0802b340       0x3c scene.o
                0x0802b340                Scene::Observe(Entity*)
 .text.unlikely._ZSt20__throw_length_errorPKc
                0x0802b37c        0x0 scene.o
                0x0802b37c                std::__throw_length_error(char const*)
 .text._ZN3_bn6assert9show_argsIA16_ciEEvPKcS4_S4_iRKT_RKT0_
                0x0802b37c       0x54 scene.o
                0x0802b37c                void _bn::assert::show_args<char [16], int>(char const*, char const*, char const*, int, char const (&) [16], int const&)
 .text._ZN5Scene13GetOffsetTileEP6Entityiiii
                0x0802b3d0       0x7c scene.o
                0x0802b3d0                Scene::GetOffsetTile(Entity*, int, int, int, int)
 .text._ZN5Scene14GetOffsetIndexEP6Entityiiii
                0x0802b44c       0xc0 scene.o
                0x0802b44c                Scene::GetOffsetIndex(Entity*, int, int, int, int)
 .text._ZN5Scene13SetSceneTitleEiN2bn15regular_bg_itemEiif
                0x0802b50c      0x11c scene.o
                0x0802b50c                Scene::SetSceneTitle(int, bn::regular_bg_item, int, int, float)
 .text._ZN5SceneC2Ev
                0x0802b628      0x13c scene.o
                0x0802b628                Scene::Scene()
                0x0802b628                Scene::Scene()
 .text._ZN5Scene6UpdateEP6Seeker
                0x0802b764      0x278 scene.o
                0x0802b764                Scene::Update(Seeker*)
 .text._ZNSt6vectorIP4ItemSaIS1_EE9push_backERKS1_
                0x0802b9dc       0x94 scene.o
                0x0802b9dc                std::vector<Item*, std::allocator<Item*> >::push_back(Item* const&)
 .text._ZNSt6vectorIP3FoeSaIS1_EE9push_backERKS1_
                0x0802ba70       0x94 scene.o
                0x0802ba70                std::vector<Foe*, std::allocator<Foe*> >::push_back(Foe* const&)
 .text._ZNSt6vectorIP3NPCSaIS1_EE9push_backERKS1_
                0x0802bb04       0x94 scene.o
                0x0802bb04                std::vector<NPC*, std::allocator<NPC*> >::push_back(NPC* const&)
 .text._ZNSt6vectorIP4WarpSaIS1_EE9push_backERKS1_
                0x0802bb98       0x94 scene.o
                0x0802bb98                std::vector<Warp*, std::allocator<Warp*> >::push_back(Warp* const&)
 .text._ZN5Scene18RegenerateEntitiesEP6Seeker
                0x0802bc2c     0x46f4 scene.o
                0x0802bc2c                Scene::RegenerateEntities(Seeker*)
 .text._ZN5Scene4LoadEiiiP6Seeker
                0x08030320      0xb1c scene.o
                0x08030320                Scene::Load(int, int, int, Seeker*)
 .text._ZN6Seeker10ChangeCoinEi
                0x08030e3c       0x40 seeker.o
                0x08030e3c                Seeker::ChangeCoin(int)
 .text._ZN6Seeker8GetSceneEv
                0x08030e7c        0x4 seeker.o
                0x08030e7c                Seeker::GetScene()
 .text._ZN6Seeker4WarpEiii
                0x08030e80       0x20 seeker.o
                0x08030e80                Seeker::Warp(int, int, int)
 .text._ZN6Seeker11UpdateStatsEv
                0x08030ea0       0x24 seeker.o
                0x08030ea0                Seeker::UpdateStats()
 .text._ZN2bn8optionalINS_10sprite_ptrEE5valueEv.part.0
                0x08030ec4       0x28 seeker.o
 .text._ZN6Seeker4FlipEb
                0x08030eec       0x38 seeker.o
                0x08030eec                Seeker::Flip(bool)
 .text._ZN6SeekerC2EP5Scene
                0x08030f24      0x1a4 seeker.o
                0x08030f24                Seeker::Seeker(Scene*)
                0x08030f24                Seeker::Seeker(Scene*)
 .text._ZN6Seeker9LoadSceneEv
                0x080310c8       0xf4 seeker.o
                0x080310c8                Seeker::LoadScene()
 .text._ZN6Seeker9CastSlashEv
                0x080311bc      0x230 seeker.o
                0x080311bc                Seeker::CastSlash()
 .text._ZN6Seeker8SetStateE11ActionState.part.0
                0x080313ec     0x2658 seeker.o
 .text._ZN6Seeker8SetStateE11ActionState
                0x08033a44       0x20 seeker.o
                0x08033a44                Seeker::SetState(ActionState)
 .text._ZN6Seeker4StopEv
                0x08033a64       0x44 seeker.o
                0x08033a64                Seeker::Stop()
 .text._ZN6Seeker4MoveEb
                0x08033aa8       0xe4 seeker.o
                0x08033aa8                Seeker::Move(bool)
 .text._ZN6Seeker4JumpEv
                0x08033b8c       0x64 seeker.o
                0x08033b8c                Seeker::Jump()
 .text._ZN6Seeker7UseItemEb
                0x08033bf0       0xf0 seeker.o
                0x08033bf0                Seeker::UseItem(bool)
 .text._ZN6Seeker6CrouchEb
                0x08033ce0       0x8c seeker.o
                0x08033ce0                Seeker::Crouch(bool)
 .text._ZN6Seeker6FlinchEb
                0x08033d6c      0x268 seeker.o
                0x08033d6c                Seeker::Flinch(bool)
 .text._ZN6Seeker8ChangeHPEi
                0x08033fd4       0x90 seeker.o
                0x08033fd4                Seeker::ChangeHP(int)
 .text._ZN6Seeker12FullRecoveryEv
                0x08034064       0x64 seeker.o
                0x08034064                Seeker::FullRecovery()
 .text._ZN6Seeker6AttackEv
                0x080340c8      0x118 seeker.o
                0x080340c8                Seeker::Attack()
 .text._ZN6Seeker11UpdateStateEv
                0x080341e0      0x21c seeker.o
                0x080341e0                Seeker::UpdateState()
 .text._ZN6Seeker6UpdateEv
                0x080343fc      0x48c seeker.o
                0x080343fc                Seeker::Update()
 .text._ZN5SlashC2EiiiiiiP5SceneP6Seeker
                0x08034888       0xa8 slash.o
                0x08034888                Slash::Slash(int, int, int, int, int, int, Scene*, Seeker*)
                0x08034888                Slash::Slash(int, int, int, int, int, int, Scene*, Seeker*)
 .text._ZN11TemplatformC2EiiP6Seekeriii
                0x08034930      0x3b0 templatform.o
                0x08034930                Templatform::Templatform(int, int, Seeker*, int, int, int)
                0x08034930                Templatform::Templatform(int, int, Seeker*, int, int, int)
 .text._ZN11Templatform6UpdateEv
                0x08034ce0      0x26c templatform.o
                0x08034ce0                Templatform::Update()
 .text._ZN4Warp6UpdateEv
                0x08034f4c       0x34 warp.o
                0x08034f4c                Warp::Update()
 .text._ZN4WarpC2EiiP6Seekeriiiii
                0x08034f80       0x8c warp.o
                0x08034f80                Warp::Warp(int, int, Seeker*, int, int, int, int, int)
                0x08034f80                Warp::Warp(int, int, Seeker*, int, int, int, int, int)
 .text._ZN2bn13ostringstream11append_argsIiJA4_ciEEEvRKT_DpRKT0_.isra.0
                0x0803500c       0x24 bn_affine_bg_animate_actions.o
 .text._ZN3_bn6assert9show_argsIJA16_ciA4_ciEEEvPKcS5_S5_iDpRKT_
                0x08035030       0x58 bn_affine_bg_animate_actions.o
                0x08035030                void _bn::assert::show_args<char [16], int, char [4], int>(char const*, char const*, char const*, int, char const (&) [16], int const&, char const (&) [4], int const&)
 .text._ZN3_bn6assert9show_argsIJA23_ciA4_ciEEEvPKcS5_S5_iDpRKT_
                0x08035088       0x58 bn_affine_bg_animate_actions.o
                0x08035088                void _bn::assert::show_args<char [23], int, char [4], int>(char const*, char const*, char const*, int, char const (&) [23], int const&, char const (&) [4], int const&)
 .text._ZN3_bn6assert9show_argsIA15_cEEvPKcS4_S4_iRKT_
                0x080350e0       0x48 bn_affine_bg_animate_actions.o
                0x080350e0                void _bn::assert::show_args<char [15]>(char const*, char const*, char const*, int, char const (&) [15])
 .text._ZN3_bn6assert9show_argsIA23_ciEEvPKcS4_S4_iRKT_RKT0_
                0x08035128       0x54 bn_affine_bg_animate_actions.o
                0x08035128                void _bn::assert::show_args<char [23], int>(char const*, char const*, char const*, int, char const (&) [23], int const&)
 .text._ZN3_bn6assert9show_argsIA24_ciEEvPKcS4_S4_iRKT_RKT0_
                0x0803517c       0x54 bn_affine_bg_animate_actions.o
                0x0803517c                void _bn::assert::show_args<char [24], int>(char const*, char const*, char const*, int, char const (&) [24], int const&)
 .text._ZN3_bn6assert9show_argsIA28_ciEEvPKcS4_S4_iRKT_RKT0_
                0x080351d0       0x54 bn_affine_bg_animate_actions.o
                0x080351d0                void _bn::assert::show_args<char [28], int>(char const*, char const*, char const*, int, char const (&) [28], int const&)
 .text._ZN3_bn6assert9show_argsIJA19_ciA4_ciEEEvPKcS5_S5_iDpRKT_
                0x08035224       0x58 bn_affine_bg_animate_actions.o
                0x08035224                void _bn::assert::show_args<char [19], int, char [4], int>(char const*, char const*, char const*, int, char const (&) [19], int const&, char const (&) [4], int const&)
 .text._ZN2bn13audio_manager12_GLOBAL__N_111static_dataD2Ev
                0x0803527c        0x4 bn_audio_manager.o
 .text._ZN2bn5music12playing_itemEv
                0x08035280       0x30 bn_audio_manager.o
                0x08035280                bn::music::playing_item()
 .text._ZN2bn13audio_manager4initEv
                0x080352b0       0x48 bn_audio_manager.o
                0x080352b0                bn::audio_manager::init()
 .text._ZN2bn13audio_manager7disableEv
                0x080352f8        0xc bn_audio_manager.o
                0x080352f8                bn::audio_manager::disable()
 .text._ZN2bn13audio_manager10sound_dataEt
                0x08035304       0x64 bn_audio_manager.o
                0x08035304                bn::audio_manager::sound_data(unsigned short)
 .text._ZN2bn13audio_manager6updateEv
                0x08035368        0xc bn_audio_manager.o
                0x08035368                bn::audio_manager::update()
 .text._ZN2bn13audio_manager6commitEv
                0x08035374        0xc bn_audio_manager.o
                0x08035374                bn::audio_manager::commit()
 .text._ZN2bn13audio_manager4stopEv
                0x08035380       0x6c bn_audio_manager.o
                0x08035380                bn::audio_manager::stop()
 .text._ZN3_bn6assert9show_argsIA18_ciEEvPKcS4_S4_iRKT_RKT0_
                0x080353ec       0x54 bn_audio_manager.o
                0x080353ec                void _bn::assert::show_args<char [18], int>(char const*, char const*, char const*, int, char const (&) [18], int const&)
 .text._ZN3_bn6assert9show_argsIA14_ciEEvPKcS4_S4_iRKT_RKT0_
                0x08035440       0x54 bn_audio_manager.o
                0x08035440                void _bn::assert::show_args<char [14], int>(char const*, char const*, char const*, int, char const (&) [14], int const&)
 .text._ZN3_bn6assert9show_argsIA19_ciEEvPKcS4_S4_iRKT_RKT0_
                0x08035494       0x54 bn_audio_manager.o
                0x08035494                void _bn::assert::show_args<char [19], int>(char const*, char const*, char const*, int, char const (&) [19], int const&)
 .text._ZN3_bn6assert9show_argsIA26_ciEEvPKcS4_S4_iRKT_RKT0_
                0x080354e8       0x54 bn_audio_manager.o
                0x080354e8                void _bn::assert::show_args<char [26], int>(char const*, char const*, char const*, int, char const (&) [26], int const&)
 .text._ZN3_bn6assert9show_argsIA33_cEEvPKcS4_S4_iRKT_
                0x0803553c       0x48 bn_audio_manager.o
                0x0803553c                void _bn::assert::show_args<char [33]>(char const*, char const*, char const*, int, char const (&) [33])
 .text._ZN2bn5music4stopEv
                0x08035584       0x64 bn_audio_manager.o
                0x08035584                bn::music::stop()
 .text._ZNK2bn10music_item4playEv
                0x080355e8       0x8c bn_audio_manager.o
                0x080355e8                bn::music_item::play() const
 .text._ZN3_bn6assert9show_argsIA25_cEEvPKcS4_S4_iRKT_
                0x08035674       0x48 bn_audio_manager.o
                0x08035674                void _bn::assert::show_args<char [25]>(char const*, char const*, char const*, int, char const (&) [25])
 .text._ZN3_bn6assert9show_argsIA24_cEEvPKcS4_S4_iRKT_
                0x080356bc       0x48 bn_audio_manager.o
                0x080356bc                void _bn::assert::show_args<char [24]>(char const*, char const*, char const*, int, char const (&) [24])
 .text._ZN3_bn6assert9show_argsIA26_cEEvPKcS4_S4_iRKT_
                0x08035704       0x48 bn_audio_manager.o
                0x08035704                void _bn::assert::show_args<char [26]>(char const*, char const*, char const*, int, char const (&) [26])
 .text._ZN3_bn6assert9show_argsIA32_cEEvPKcS4_S4_iRKT_
                0x0803574c       0x48 bn_audio_manager.o
                0x0803574c                void _bn::assert::show_args<char [32]>(char const*, char const*, char const*, int, char const (&) [32])
 .text._ZN3_bn6assert9show_argsIA25_ciEEvPKcS4_S4_iRKT_RKT0_
                0x08035794       0x54 bn_audio_manager.o
                0x08035794                void _bn::assert::show_args<char [25], int>(char const*, char const*, char const*, int, char const (&) [25], int const&)
 .text._ZN2bn13audio_manager16execute_commandsEv
                0x080357e8      0x6a8 bn_audio_manager.o
                0x080357e8                bn::audio_manager::execute_commands()
 .text._ZN3_bn6assert9show_argsIA17_cEEvPKcS4_S4_iRKT_
                0x08035e90       0x48 bn_audio_manager.o
                0x08035e90                void _bn::assert::show_args<char [17]>(char const*, char const*, char const*, int, char const (&) [17])
 .text._ZN2bn14iunordered_mapIjNS_13audio_manager15sound_data_typeENS_15identity_hasherENS_8equal_toIjEEEclEjRKj
                0x08035ed8      0x124 bn_audio_manager.o
                0x08035ed8                bn::iunordered_map<unsigned int, bn::audio_manager::sound_data_type, bn::identity_hasher, bn::equal_to<unsigned int> >::operator()(unsigned int, unsigned int const&)
 .text._ZN2bn13audio_manager10play_soundEiNS_10sound_itemE
                0x08035ffc       0xc4 bn_audio_manager.o
                0x08035ffc                bn::audio_manager::play_sound(int, bn::sound_item)
 .text._ZNK2bn10sound_item4playEv
                0x080360c0       0x10 bn_audio_manager.o
                0x080360c0                bn::sound_item::play() const
 .text.startup._GLOBAL__sub_I__ZN2bn5audio16update_on_vblankEv
                0x080360d0       0x98 bn_audio_manager.o
 .text._ZN2bn18best_fit_allocator4freeEPv
                0x08036168      0x110 bn_best_fit_allocator.o
                0x08036168                bn::best_fit_allocator::free(void*)
 .text._ZN3_bn6assert9show_argsIA23_cEEvPKcS4_S4_iRKT_
                0x08036278       0x48 bn_best_fit_allocator.o
                0x08036278                void _bn::assert::show_args<char [23]>(char const*, char const*, char const*, int, char const (&) [23])
 .text._ZN2bn18best_fit_allocatorD2Ev
                0x080362c0       0x34 bn_best_fit_allocator.o
                0x080362c0                bn::best_fit_allocator::~best_fit_allocator()
                0x080362c0                bn::best_fit_allocator::~best_fit_allocator()
 .text._ZN2bn18best_fit_allocator5allocEi
                0x080362f4      0x15c bn_best_fit_allocator.o
                0x080362f4                bn::best_fit_allocator::alloc(int)
 .text._ZN3_bn6assert9show_argsIA20_ciEEvPKcS4_S4_iRKT_RKT0_
                0x08036450       0x54 bn_best_fit_allocator.o
                0x08036450                void _bn::assert::show_args<char [20], int>(char const*, char const*, char const*, int, char const (&) [20], int const&)
 .text._ZN3_bn6assert9show_argsIA14_cEEvPKcS4_S4_iRKT_
                0x080364a4       0x48 bn_best_fit_allocator.o
                0x080364a4                void _bn::assert::show_args<char [14]>(char const*, char const*, char const*, int, char const (&) [14])
 .text._ZN3_bn6assert9show_argsIA21_cEEvPKcS4_S4_iRKT_
                0x080364ec       0x48 bn_best_fit_allocator.o
                0x080364ec                void _bn::assert::show_args<char [21]>(char const*, char const*, char const*, int, char const (&) [21])
 .text._ZN2bn18best_fit_allocator5resetEPvi
                0x08036534       0xbc bn_best_fit_allocator.o
                0x08036534                bn::best_fit_allocator::reset(void*, int)
 .text._ZN2bn17bg_blocks_manager12_GLOBAL__N_117_hw_commit_offsetEPKtjtPt
                0x080365f0       0x78 bn_bg_blocks_manager.o
 .text._ZN2bn17bg_blocks_manager12_GLOBAL__N_128_new_affine_map_blocks_countEiib
                0x08036668       0x50 bn_bg_blocks_manager.o
 .text._ZN2bn13ostringstream11append_argsIiJA4_ctEEEvRKT_DpRKT0_.isra.0
                0x080366b8       0x24 bn_bg_blocks_manager.o
 .text._ZN2bn13ostringstream11append_argsIiJA4_ciEEEvRKT_DpRKT0_.isra.0
                0x080366dc       0x24 bn_bg_blocks_manager.o
 .text._ZNK2bn18regular_bg_map_ptr2idEv
                0x08036700       0x18 bn_bg_blocks_manager.o
                0x08036700                bn::regular_bg_map_ptr::id() const
 .text._ZNK2bn18regular_bg_map_ptr10dimensionsEv
                0x08036718       0x20 bn_bg_blocks_manager.o
                0x08036718                bn::regular_bg_map_ptr::dimensions() const
 .text._ZNK2bn18regular_bg_map_ptr3bigEv
                0x08036738       0x18 bn_bg_blocks_manager.o
                0x08036738                bn::regular_bg_map_ptr::big() const
 .text._ZNK2bn20regular_bg_tiles_ptr3cbbEv
                0x08036750       0x18 bn_bg_blocks_manager.o
                0x08036750                bn::regular_bg_tiles_ptr::cbb() const
 .text._ZNK2bn17affine_bg_map_ptr2idEv
                0x08036768       0x18 bn_bg_blocks_manager.o
                0x08036768                bn::affine_bg_map_ptr::id() const
 .text._ZNK2bn17affine_bg_map_ptr10dimensionsEv
                0x08036780       0x20 bn_bg_blocks_manager.o
                0x08036780                bn::affine_bg_map_ptr::dimensions() const
 .text._ZNK2bn17affine_bg_map_ptr3bigEv
                0x080367a0       0x18 bn_bg_blocks_manager.o
                0x080367a0                bn::affine_bg_map_ptr::big() const
 .text._ZNK2bn19affine_bg_tiles_ptr3cbbEv
                0x080367b8       0x18 bn_bg_blocks_manager.o
                0x080367b8                bn::affine_bg_tiles_ptr::cbb() const
 .text._ZN2bn17bg_blocks_manager10log_statusEv
                0x080367d0      0x454 bn_bg_blocks_manager.o
                0x080367d0                bn::bg_blocks_manager::log_status()
 .text._ZN2bn17bg_blocks_manager15decrease_usagesEi
                0x08036c24       0x98 bn_bg_blocks_manager.o
                0x08036c24                bn::bg_blocks_manager::decrease_usages(int)
 .text._ZN2bn18regular_bg_map_ptrD2Ev
                0x08036cbc       0x18 bn_bg_blocks_manager.o
                0x08036cbc                bn::regular_bg_map_ptr::~regular_bg_map_ptr()
                0x08036cbc                bn::regular_bg_map_ptr::~regular_bg_map_ptr()
 .text._ZN2bn17affine_bg_map_ptrD2Ev
                0x08036cd4       0x18 bn_bg_blocks_manager.o
                0x08036cd4                bn::affine_bg_map_ptr::~affine_bg_map_ptr()
                0x08036cd4                bn::affine_bg_map_ptr::~affine_bg_map_ptr()
 .text._ZN2bn17bg_blocks_manager12_GLOBAL__N_111static_dataD2Ev
                0x08036cec       0x54 bn_bg_blocks_manager.o
 .text._ZN2bn17bg_blocks_manager4initEv
                0x08036d40       0x8c bn_bg_blocks_manager.o
                0x08036d40                bn::bg_blocks_manager::init()
 .text._ZN2bn17bg_blocks_manager11must_commitEi
                0x08036dcc       0x18 bn_bg_blocks_manager.o
                0x08036dcc                bn::bg_blocks_manager::must_commit(int)
 .text._ZN2bn17bg_blocks_manager6updateEv
                0x08036de4      0x258 bn_bg_blocks_manager.o
                0x08036de4                bn::bg_blocks_manager::update()
 .text._ZN3_bn6assert9show_argsIA15_ciEEvPKcS4_S4_iRKT_RKT0_
                0x0803703c       0x54 bn_bg_blocks_manager.o
                0x0803703c                void _bn::assert::show_args<char [15], int>(char const*, char const*, char const*, int, char const (&) [15], int const&)
 .text._ZN3_bn6assert9show_argsIA52_ctEEvPKcS4_S4_iRKT_RKT0_
                0x08037090       0x54 bn_bg_blocks_manager.o
                0x08037090                void _bn::assert::show_args<char [52], unsigned short>(char const*, char const*, char const*, int, char const (&) [52], unsigned short const&)
 .text._ZN3_bn6assert9show_argsIJA20_ciA4_ctEEEvPKcS5_S5_iDpRKT_
                0x080370e4       0x58 bn_bg_blocks_manager.o
                0x080370e4                void _bn::assert::show_args<char [20], int, char [4], unsigned short>(char const*, char const*, char const*, int, char const (&) [20], int const&, char const (&) [4], unsigned short const&)
 .text._ZN3_bn6assert9show_argsIJA22_ciA4_ciEEEvPKcS5_S5_iDpRKT_
                0x0803713c       0x58 bn_bg_blocks_manager.o
                0x0803713c                void _bn::assert::show_args<char [22], int, char [4], int>(char const*, char const*, char const*, int, char const (&) [22], int const&, char const (&) [4], int const&)
 .text._ZN3_bn6assert9show_argsIJA58_ciA4_ciEEEvPKcS5_S5_iDpRKT_
                0x08037194       0x58 bn_bg_blocks_manager.o
                0x08037194                void _bn::assert::show_args<char [58], int, char [4], int>(char const*, char const*, char const*, int, char const (&) [58], int const&, char const (&) [4], int const&)
 .text._ZN3_bn6assert9show_argsIA38_cEEvPKcS4_S4_iRKT_
                0x080371ec       0x48 bn_bg_blocks_manager.o
                0x080371ec                void _bn::assert::show_args<char [38]>(char const*, char const*, char const*, int, char const (&) [38])
 .text._ZN3_bn6assert9show_argsIA27_ciEEvPKcS4_S4_iRKT_RKT0_
                0x08037234       0x54 bn_bg_blocks_manager.o
                0x08037234                void _bn::assert::show_args<char [27], int>(char const*, char const*, char const*, int, char const (&) [27], int const&)
 .text._ZN2bn17bg_blocks_manager12_GLOBAL__N_110_hw_commitEPKtNS_16compression_typeEibPt
                0x08037288       0x6c bn_bg_blocks_manager.o
 .text._ZN3_bn6assert9show_argsIA22_ciEEvPKcS4_S4_iRKT_RKT0_
                0x080372f4       0x54 bn_bg_blocks_manager.o
                0x080372f4                void _bn::assert::show_args<char [22], int>(char const*, char const*, char const*, int, char const (&) [22], int const&)
 .text._ZN3_bn6assert9show_argsIA19_cEEvPKcS4_S4_iRKT_
                0x08037348       0x48 bn_bg_blocks_manager.o
                0x08037348                void _bn::assert::show_args<char [19]>(char const*, char const*, char const*, int, char const (&) [19])
 .text._ZN2bn17bg_blocks_manager12_GLOBAL__N_116_find_tiles_implEPKtNS_16compression_typeEib
                0x08037390      0x100 bn_bg_blocks_manager.o
 .text._ZNK2bn18regular_bg_map_ptr5tilesEv
                0x08037490       0x48 bn_bg_blocks_manager.o
                0x08037490                bn::regular_bg_map_ptr::tiles() const
 .text._ZNK2bn17affine_bg_map_ptr5tilesEv
                0x080374d8       0x48 bn_bg_blocks_manager.o
                0x080374d8                bn::affine_bg_map_ptr::tiles() const
 .text._ZNK2bn18regular_bg_map_ptr3bppEv
                0x08037520       0x4c bn_bg_blocks_manager.o
                0x08037520                bn::regular_bg_map_ptr::bpp() const
 .text._ZN2bn17bg_blocks_manager21update_affine_map_rowEiii
                0x0803756c      0x168 bn_bg_blocks_manager.o
                0x0803756c                bn::bg_blocks_manager::update_affine_map_row(int, int, int)
 .text._ZN2bn17bg_blocks_manager28update_affine_map_bottom_rowEiii
                0x080376d4       0x2c bn_bg_blocks_manager.o
                0x080376d4                bn::bg_blocks_manager::update_affine_map_bottom_row(int, int, int)
 .text._ZN2bn17bg_blocks_manager20set_affine_map_tilesEiONS_19affine_bg_tiles_ptrE
                0x08037700      0x13c bn_bg_blocks_manager.o
                0x08037700                bn::bg_blocks_manager::set_affine_map_tiles(int, bn::affine_bg_tiles_ptr&&)
 .text._ZN2bn17bg_blocks_manager23set_affine_map_positionEiii
                0x0803783c      0x214 bn_bg_blocks_manager.o
                0x0803783c                bn::bg_blocks_manager::set_affine_map_position(int, int, int)
 .text._ZN2bn17bg_blocks_manager21update_affine_map_colEiii
                0x08037a50      0x334 bn_bg_blocks_manager.o
                0x08037a50                bn::bg_blocks_manager::update_affine_map_col(int, int, int)
 .text._ZN2bn17bg_blocks_manager27update_affine_map_right_colEiii
                0x08037d84       0x2c bn_bg_blocks_manager.o
                0x08037d84                bn::bg_blocks_manager::update_affine_map_right_col(int, int, int)
 .text._ZN2bn17bg_blocks_manager22update_regular_map_rowEiii
                0x08037db0      0x194 bn_bg_blocks_manager.o
                0x08037db0                bn::bg_blocks_manager::update_regular_map_row(int, int, int)
 .text._ZN2bn17bg_blocks_manager22update_regular_map_colEiii
                0x08037f44      0x1fc bn_bg_blocks_manager.o
                0x08037f44                bn::bg_blocks_manager::update_regular_map_col(int, int, int)
 .text._ZN2bn17bg_blocks_manager24set_regular_map_positionEiii
                0x08038140      0x24c bn_bg_blocks_manager.o
                0x08038140                bn::bg_blocks_manager::set_regular_map_position(int, int, int)
 .text._ZN2bn17bg_blocks_manager21set_regular_map_tilesEiONS_20regular_bg_tiles_ptrE
                0x0803838c      0x258 bn_bg_blocks_manager.o
                0x0803838c                bn::bg_blocks_manager::set_regular_map_tiles(int, bn::regular_bg_tiles_ptr&&)
 .text._ZN2bn17bg_blocks_manager23set_regular_map_paletteEiONS_14bg_palette_ptrE
                0x080385e4      0x220 bn_bg_blocks_manager.o
                0x080385e4                bn::bg_blocks_manager::set_regular_map_palette(int, bn::bg_palette_ptr&&)
 .text._ZN2bn17bg_blocks_manager12_GLOBAL__N_112_commit_itemERKNS1_9item_typeEb
                0x08038804      0x1f0 bn_bg_blocks_manager.o
 .text._ZN2bn17bg_blocks_manager12_GLOBAL__N_112_create_itemEiibONS1_11create_dataE
                0x080389f4      0x840 bn_bg_blocks_manager.o
 .text._ZN2bn17bg_blocks_manager12_GLOBAL__N_112_create_implEONS1_11create_dataE
                0x08039234      0x1fc bn_bg_blocks_manager.o
 .text._ZN2bn17bg_blocks_manager19commit_uncompressedEb
                0x08039430       0x58 bn_bg_blocks_manager.o
                0x08039430                bn::bg_blocks_manager::commit_uncompressed(bool)
 .text._ZN2bn17bg_blocks_manager17commit_compressedEv
                0x08039488       0x48 bn_bg_blocks_manager.o
                0x08039488                bn::bg_blocks_manager::commit_compressed()
 .text._ZN3_bn6assert9show_argsIJA32_cA15_cPKtA16_ciA17_ciA34_cN2bn11string_viewEEEEvPKcSC_SC_iDpRKT_
                0x080394d0       0x90 bn_bg_blocks_manager.o
                0x080394d0                void _bn::assert::show_args<char [32], char [15], unsigned short const*, char [16], int, char [17], int, char [34], bn::string_view>(char const*, char const*, char const*, int, char const (&) [32], char const (&) [15], unsigned short const* const&, char const (&) [16], int const&, char const (&) [17], int const&, char const (&) [34], bn::string_view const&)
 .text._ZN2bn17bg_blocks_manager20create_regular_tilesERKNS_21regular_bg_tiles_itemEb
                0x08039560      0x138 bn_bg_blocks_manager.o
                0x08039560                bn::bg_blocks_manager::create_regular_tiles(bn::regular_bg_tiles_item const&, bool)
 .text._ZN3_bn6assert9show_argsIJA31_cA15_cPKtA16_ciA17_ciA34_cN2bn11string_viewEEEEvPKcSC_SC_iDpRKT_
                0x08039698       0x90 bn_bg_blocks_manager.o
                0x08039698                void _bn::assert::show_args<char [31], char [15], unsigned short const*, char [16], int, char [17], int, char [34], bn::string_view>(char const*, char const*, char const*, int, char const (&) [31], char const (&) [15], unsigned short const* const&, char const (&) [16], int const&, char const (&) [17], int const&, char const (&) [34], bn::string_view const&)
 .text._ZN2bn17bg_blocks_manager19create_affine_tilesERKNS_20affine_bg_tiles_itemEb
                0x08039728      0x12c bn_bg_blocks_manager.o
                0x08039728                bn::bg_blocks_manager::create_affine_tiles(bn::affine_bg_tiles_item const&, bool)
 .text._ZN3_bn6assert9show_argsIJA30_cA13_cPKtA14_ciA15_ciA17_ciA34_cN2bn11string_viewEEEEvPKcSD_SD_iDpRKT_
                0x08039854       0xa0 bn_bg_blocks_manager.o
                0x08039854                void _bn::assert::show_args<char [30], char [13], unsigned short const*, char [14], int, char [15], int, char [17], int, char [34], bn::string_view>(char const*, char const*, char const*, int, char const (&) [30], char const (&) [13], unsigned short const* const&, char const (&) [14], int const&, char const (&) [15], int const&, char const (&) [17], int const&, char const (&) [34], bn::string_view const&)
 .text._ZN3_bn6assert9show_argsIA31_cEEvPKcS4_S4_iRKT_
                0x080398f4       0x48 bn_bg_blocks_manager.o
                0x080398f4                void _bn::assert::show_args<char [31]>(char const*, char const*, char const*, int, char const (&) [31])
 .text._ZN2bn17bg_blocks_manager22set_affine_map_paletteEiONS_14bg_palette_ptrE
                0x0803993c       0x98 bn_bg_blocks_manager.o
                0x0803993c                bn::bg_blocks_manager::set_affine_map_palette(int, bn::bg_palette_ptr&&)
 .text._ZN2bn17bg_blocks_manager12_GLOBAL__N_121_find_affine_map_implERKNS_18affine_bg_map_itemEPKhRKNS_19affine_bg_tiles_ptrERKNS_14bg_palette_ptrE
                0x080399d4      0x1f4 bn_bg_blocks_manager.o
 .text._ZN3_bn6assert9show_argsIJA51_ciA4_ciEEEvPKcS5_S5_iDpRKT_
                0x08039bc8       0x58 bn_bg_blocks_manager.o
                0x08039bc8                void _bn::assert::show_args<char [51], int, char [4], int>(char const*, char const*, char const*, int, char const (&) [51], int const&, char const (&) [4], int const&)
 .text._ZN3_bn6assert9show_argsIJA53_ciA4_ciEEEvPKcS5_S5_iDpRKT_
                0x08039c20       0x58 bn_bg_blocks_manager.o
                0x08039c20                void _bn::assert::show_args<char [53], int, char [4], int>(char const*, char const*, char const*, int, char const (&) [53], int const&, char const (&) [4], int const&)
 .text._ZN2bn17bg_blocks_manager17create_affine_mapERKNS_18affine_bg_map_itemEPKhONS_19affine_bg_tiles_ptrEONS_14bg_palette_ptrEb
                0x08039c78      0x2d0 bn_bg_blocks_manager.o
                0x08039c78                bn::bg_blocks_manager::create_affine_map(bn::affine_bg_map_item const&, unsigned char const*, bn::affine_bg_tiles_ptr&&, bn::bg_palette_ptr&&, bool)
 .text._ZN2bn17affine_bg_map_ptr6createERKNS_14affine_bg_itemEi
                0x08039f48       0xdc bn_bg_blocks_manager.o
                0x08039f48                bn::affine_bg_map_ptr::create(bn::affine_bg_item const&, int)
 .text._ZNK2bn17affine_bg_map_ptr15big_canvas_sizeEv
                0x0803a024       0x4c bn_bg_blocks_manager.o
                0x0803a024                bn::affine_bg_map_ptr::big_canvas_size() const
 .text._ZN3_bn6assert9show_argsIJA37_ciA4_ciEEEvPKcS5_S5_iDpRKT_
                0x0803a070       0x58 bn_bg_blocks_manager.o
                0x0803a070                void _bn::assert::show_args<char [37], int, char [4], int>(char const*, char const*, char const*, int, char const (&) [37], int const&, char const (&) [4], int const&)
 .text._ZN2bn17bg_blocks_manager33set_regular_map_tiles_and_paletteEiONS_20regular_bg_tiles_ptrEONS_14bg_palette_ptrE
                0x0803a0c8      0x2e4 bn_bg_blocks_manager.o
                0x0803a0c8                bn::bg_blocks_manager::set_regular_map_tiles_and_palette(int, bn::regular_bg_tiles_ptr&&, bn::bg_palette_ptr&&)
 .text._ZN2bn17bg_blocks_manager12_GLOBAL__N_122_find_regular_map_implERKNS_19regular_bg_map_itemEPKtRKNS_20regular_bg_tiles_ptrERKNS_14bg_palette_ptrE
                0x0803a3ac      0x2e4 bn_bg_blocks_manager.o
 .text._ZN2bn17bg_blocks_manager18create_regular_mapERKNS_19regular_bg_map_itemEPKtONS_20regular_bg_tiles_ptrEONS_14bg_palette_ptrEb
                0x0803a690      0x284 bn_bg_blocks_manager.o
                0x0803a690                bn::bg_blocks_manager::create_regular_map(bn::regular_bg_map_item const&, unsigned short const*, bn::regular_bg_tiles_ptr&&, bn::bg_palette_ptr&&, bool)
 .text._ZN2bn18regular_bg_map_ptr6createERKNS_15regular_bg_itemEi
                0x0803a914       0xdc bn_bg_blocks_manager.o
                0x0803a914                bn::regular_bg_map_ptr::create(bn::regular_bg_item const&, int)
 .text._ZN3_bn6assert9show_argsIA39_ciEEvPKcS4_S4_iRKT_RKT0_
                0x0803a9f0       0x54 bn_bg_blocks_manager.o
                0x0803a9f0                void _bn::assert::show_args<char [39], int>(char const*, char const*, char const*, int, char const (&) [39], int const&)
 .text._ZN2bn17bg_blocks_manager20affine_map_cells_refEi
                0x0803aa44       0x3c bn_bg_blocks_manager.o
                0x0803aa44                bn::bg_blocks_manager::affine_map_cells_ref(int)
 .text._ZNK2bn17affine_bg_map_ptr9cells_refEv
                0x0803aa80       0x18 bn_bg_blocks_manager.o
                0x0803aa80                bn::affine_bg_map_ptr::cells_ref() const
 .text.startup._GLOBAL__sub_I__ZN2bn7bg_maps16used_cells_countEv
                0x0803aa98       0x88 bn_bg_blocks_manager.o
 .text._ZN2bn11bgs_manager12_GLOBAL__N_129_check_unique_regular_big_mapERNS1_9item_typeE
                0x0803ab20       0x68 bn_bgs_manager.o
 .text._ZN2bn11bgs_manager12_GLOBAL__N_128_check_unique_affine_big_mapERNS1_9item_typeE
                0x0803ab88       0x68 bn_bgs_manager.o
 .text._ZN2bn11bgs_manager12_GLOBAL__N_111static_dataD2Ev
                0x0803abf0       0x10 bn_bgs_manager.o
 .text._ZN2bn11bgs_manager12_GLOBAL__N_133_update_item_hw_affine_attributesERKNS1_9item_typeE
                0x0803ac00       0x48 bn_bgs_manager.o
 .text._ZNK2bn14regular_bg_ptr1xEv
                0x0803ac48        0x8 bn_bgs_manager.o
                0x0803ac48                bn::regular_bg_ptr::x() const
 .text._ZN2bn14regular_bg_ptr5set_xENS_7fixed_tILi12EEE
                0x0803ac50       0x60 bn_bgs_manager.o
                0x0803ac50                bn::regular_bg_ptr::set_x(bn::fixed_t<12>)
 .text._ZNK2bn14regular_bg_ptr1yEv
                0x0803acb0        0x8 bn_bgs_manager.o
                0x0803acb0                bn::regular_bg_ptr::y() const
 .text._ZN2bn14regular_bg_ptr5set_yENS_7fixed_tILi12EEE
                0x0803acb8       0x60 bn_bgs_manager.o
                0x0803acb8                bn::regular_bg_ptr::set_y(bn::fixed_t<12>)
 .text._ZN2bn14regular_bg_ptr12set_positionENS_7fixed_tILi12EEES2_
                0x0803ad18       0x70 bn_bgs_manager.o
                0x0803ad18                bn::regular_bg_ptr::set_position(bn::fixed_t<12>, bn::fixed_t<12>)
 .text._ZN2bn11bgs_manager4initEv
                0x0803ad88       0x8c bn_bgs_manager.o
                0x0803ad88                bn::bgs_manager::init()
 .text._ZN2bn11bgs_manager5hw_idEPv
                0x0803ae14        0x8 bn_bgs_manager.o
                0x0803ae14                bn::bgs_manager::hw_id(void*)
 .text._ZN2bn11bgs_manager11hw_positionEPv
                0x0803ae1c        0x4 bn_bgs_manager.o
                0x0803ae1c                bn::bgs_manager::hw_position(void*)
 .text._ZN2bn11bgs_manager19set_affine_positionEPvRKNS_13fixed_point_tILi12EEE
                0x0803ae20       0xe8 bn_bgs_manager.o
                0x0803ae20                bn::bgs_manager::set_affine_position(void*, bn::fixed_point_t<12> const&)
 .text._ZN2bn13affine_bg_ptr12set_positionENS_7fixed_tILi12EEES2_
                0x0803af08       0x18 bn_bgs_manager.o
                0x0803af08                bn::affine_bg_ptr::set_position(bn::fixed_t<12>, bn::fixed_t<12>)
 .text._ZN2bn11bgs_manager14mat_attributesEPv
                0x0803af20        0x4 bn_bgs_manager.o
                0x0803af20                bn::bgs_manager::mat_attributes(void*)
 .text._ZN2bn11bgs_manager20update_windows_flagsEPj
                0x0803af24       0x7c bn_bgs_manager.o
                0x0803af24                bn::bgs_manager::update_windows_flags(unsigned int*)
 .text._ZN2bn11bgs_manager10set_cameraEPvONS_10camera_ptrE
                0x0803afa0      0x17c bn_bgs_manager.o
                0x0803afa0                bn::bgs_manager::set_camera(void*, bn::camera_ptr&&)
 .text._ZN2bn13affine_bg_ptr10set_cameraERKNS_10camera_ptrE
                0x0803b11c       0x24 bn_bgs_manager.o
                0x0803b11c                bn::affine_bg_ptr::set_camera(bn::camera_ptr const&)
 .text._ZN2bn11bgs_manager14update_camerasEv
                0x0803b140      0x14c bn_bgs_manager.o
                0x0803b140                bn::bgs_manager::update_cameras()
 .text._ZN2bn11bgs_manager28update_regular_map_tiles_cbbEii
                0x0803b28c       0xa8 bn_bgs_manager.o
                0x0803b28c                bn::bgs_manager::update_regular_map_tiles_cbb(int, int)
 .text._ZN2bn11bgs_manager27update_affine_map_tiles_cbbEii
                0x0803b334       0xa8 bn_bgs_manager.o
                0x0803b334                bn::bgs_manager::update_affine_map_tiles_cbb(int, int)
 .text._ZN2bn11bgs_manager30update_regular_map_palette_bppEiNS_8bpp_modeE
                0x0803b3dc       0xac bn_bgs_manager.o
                0x0803b3dc                bn::bgs_manager::update_regular_map_palette_bpp(int, bn::bpp_mode)
 .text._ZN2bn11bgs_manager36fill_hblank_effect_regular_positionsEiPKNS_7fixed_tILi12EEEPt
                0x0803b488       0x38 bn_bgs_manager.o
                0x0803b488                bn::bgs_manager::fill_hblank_effect_regular_positions(int, bn::fixed_t<12> const*, unsigned short*)
 .text._ZN2bn11bgs_manager45fill_hblank_effect_pivot_horizontal_positionsEPvPKNS_7fixed_tILi12EEEPj
                0x0803b4c0       0x24 bn_bgs_manager.o
                0x0803b4c0                bn::bgs_manager::fill_hblank_effect_pivot_horizontal_positions(void*, bn::fixed_t<12> const*, unsigned int*)
 .text._ZN2bn11bgs_manager43fill_hblank_effect_pivot_vertical_positionsEPvPKNS_7fixed_tILi12EEEPj
                0x0803b4e4       0x24 bn_bgs_manager.o
                0x0803b4e4                bn::bgs_manager::fill_hblank_effect_pivot_vertical_positions(void*, bn::fixed_t<12> const*, unsigned int*)
 .text._ZN2bn11bgs_manager6commitEb
                0x0803b508       0x58 bn_bgs_manager.o
                0x0803b508                bn::bgs_manager::commit(bool)
 .text._ZN2bn11bgs_manager4stopEv
                0x0803b560       0x28 bn_bgs_manager.o
                0x0803b560                bn::bgs_manager::stop()
 .text._ZN3_bn6assert9show_argsIA17_ciEEvPKcS4_S4_iRKT_RKT0_
                0x0803b588       0x54 bn_bgs_manager.o
                0x0803b588                void _bn::assert::show_args<char [17], int>(char const*, char const*, char const*, int, char const (&) [17], int const&)
 .text._ZNK2bn13affine_bg_ptr10dimensionsEv
                0x0803b5dc       0x64 bn_bgs_manager.o
                0x0803b5dc                bn::affine_bg_ptr::dimensions() const
 .text._ZNK2bn14regular_bg_ptr10dimensionsEv
                0x0803b640       0x64 bn_bgs_manager.o
                0x0803b640                bn::regular_bg_ptr::dimensions() const
 .text._ZN3_bn6assert9show_argsIA30_cEEvPKcS4_S4_iRKT_
                0x0803b6a4       0x48 bn_bgs_manager.o
                0x0803b6a4                void _bn::assert::show_args<char [30]>(char const*, char const*, char const*, int, char const (&) [30])
 .text._ZN3_bn6assert9show_argsIA27_cEEvPKcS4_S4_iRKT_
                0x0803b6ec       0x48 bn_bgs_manager.o
                0x0803b6ec                void _bn::assert::show_args<char [27]>(char const*, char const*, char const*, int, char const (&) [27])
 .text._ZN3_bn6assert9show_argsIA46_cEEvPKcS4_S4_iRKT_
                0x0803b734       0x48 bn_bgs_manager.o
                0x0803b734                void _bn::assert::show_args<char [46]>(char const*, char const*, char const*, int, char const (&) [46])
 .text._ZN3_bn6assert9show_argsIA45_cEEvPKcS4_S4_iRKT_
                0x0803b77c       0x48 bn_bgs_manager.o
                0x0803b77c                void _bn::assert::show_args<char [45]>(char const*, char const*, char const*, int, char const (&) [45])
 .text._ZN2bn11bgs_manager15rebuild_handlesEv.part.0
                0x0803b7c4      0x1a8 bn_bgs_manager.o
 .text._ZN2bn18regular_bg_builder11release_mapEv
                0x0803b96c       0x78 bn_bgs_manager.o
                0x0803b96c                bn::regular_bg_builder::release_map()
 .text._ZN2bn11bgs_manager37fill_hblank_effect_regular_attributesEPvPKNS_21regular_bg_attributesEPt
                0x0803b9e4      0x100 bn_bgs_manager.o
                0x0803b9e4                bn::bgs_manager::fill_hblank_effect_regular_attributes(void*, bn::regular_bg_attributes const*, unsigned short*)
 .text._ZN2bn11bgs_manager6updateEv
                0x0803bae4      0x16c bn_bgs_manager.o
                0x0803bae4                bn::bgs_manager::update()
 .text._ZN2bn11bgs_manager15commit_big_mapsEv
                0x0803bc50      0x1d0 bn_bgs_manager.o
                0x0803bc50                bn::bgs_manager::commit_big_maps()
 .text._ZN2bn11bgs_manager12_GLOBAL__N_19item_type18update_regular_mapEv
                0x0803be20      0x1c8 bn_bgs_manager.o
 .text._ZN2bn11bgs_manager36fill_hblank_effect_affine_attributesEPvPKNS_20affine_bg_attributesEPt
                0x0803bfe8      0x104 bn_bgs_manager.o
                0x0803bfe8                bn::bgs_manager::fill_hblank_effect_affine_attributes(void*, bn::affine_bg_attributes const*, unsigned short*)
 .text._ZN2bn17affine_bg_builder11release_mapEv
                0x0803c0ec       0x80 bn_bgs_manager.o
                0x0803c0ec                bn::affine_bg_builder::release_map()
 .text._ZN2bn11bgs_manager10affine_mapEPv
                0x0803c16c       0x34 bn_bgs_manager.o
                0x0803c16c                bn::bgs_manager::affine_map(void*)
 .text._ZN2bn11bgs_manager11regular_mapEPv
                0x0803c1a0       0x34 bn_bgs_manager.o
                0x0803c1a0                bn::bgs_manager::regular_map(void*)
 .text._ZNK2bn13affine_bg_ptr3mapEv
                0x0803c1d4       0x38 bn_bgs_manager.o
                0x0803c1d4                bn::affine_bg_ptr::map() const
 .text._ZN2bn11bgs_manager12_GLOBAL__N_19item_type17update_affine_mapEb
                0x0803c20c      0x278 bn_bgs_manager.o
 .text._ZN2bn11bgs_manager12_GLOBAL__N_19item_typeC2EONS_17affine_bg_builderEONS_17affine_bg_map_ptrE.isra.0
                0x0803c484      0x210 bn_bgs_manager.o
 .text._ZN2bn11bgs_manager12_GLOBAL__N_112_insert_itemERNS1_9item_typeE
                0x0803c694      0x104 bn_bgs_manager.o
 .text._ZN3_bn6assert9show_argsIA13_cEEvPKcS4_S4_iRKT_
                0x0803c798       0x48 bn_bgs_manager.o
                0x0803c798                void _bn::assert::show_args<char [13]>(char const*, char const*, char const*, int, char const (&) [13])
 .text._ZN2bn11bgs_manager6createEONS_17affine_bg_builderE
                0x0803c7e0       0xc8 bn_bgs_manager.o
                0x0803c7e0                bn::bgs_manager::create(bn::affine_bg_builder&&)
 .text._ZNK2bn14affine_bg_item9create_bgENS_7fixed_tILi12EEES2_
                0x0803c8a8       0xb8 bn_bgs_manager.o
                0x0803c8a8                bn::affine_bg_item::create_bg(bn::fixed_t<12>, bn::fixed_t<12>) const
 .text._ZN2bn11bgs_manager6createEONS_18regular_bg_builderE
                0x0803c960      0x1d4 bn_bgs_manager.o
                0x0803c960                bn::bgs_manager::create(bn::regular_bg_builder&&)
 .text._ZNK2bn15regular_bg_item9create_bgENS_7fixed_tILi12EEES2_
                0x0803cb34       0x78 bn_bgs_manager.o
                0x0803cb34                bn::regular_bg_item::create_bg(bn::fixed_t<12>, bn::fixed_t<12>) const
 .text._ZN2bn5eraseIPNS_11bgs_manager12_GLOBAL__N_19item_typeEEENS_7ivectorIT_E9size_typeERS7_RKS6_.constprop.0.isra.0
                0x0803cbac      0x13c bn_bgs_manager.o
 .text._ZN2bn11bgs_manager15decrease_usagesEPv
                0x0803cce8       0xa8 bn_bgs_manager.o
                0x0803cce8                bn::bgs_manager::decrease_usages(void*)
 .text._ZN2bn13affine_bg_ptrD2Ev
                0x0803cd90       0x18 bn_bgs_manager.o
                0x0803cd90                bn::affine_bg_ptr::~affine_bg_ptr()
                0x0803cd90                bn::affine_bg_ptr::~affine_bg_ptr()
 .text._ZN2bn14regular_bg_ptrD2Ev
                0x0803cda8       0x18 bn_bgs_manager.o
                0x0803cda8                bn::regular_bg_ptr::~regular_bg_ptr()
                0x0803cda8                bn::regular_bg_ptr::~regular_bg_ptr()
 .text._ZN2bn13affine_bg_ptr12set_priorityEi
                0x0803cdc0       0x68 bn_bgs_manager.o
                0x0803cdc0                bn::affine_bg_ptr::set_priority(int)
 .text._ZN2bn14regular_bg_ptr12set_priorityEi
                0x0803ce28       0x68 bn_bgs_manager.o
                0x0803ce28                bn::regular_bg_ptr::set_priority(int)
 .text.startup._GLOBAL__sub_I__ZN2bn3bgs16used_items_countEv
                0x0803ce90       0x90 bn_bgs_manager.o
 .text._ZN2bn10camera_ptrC2ERKS0_
                0x0803cf20       0x20 bn_cameras_manager.o
                0x0803cf20                bn::camera_ptr::camera_ptr(bn::camera_ptr const&)
                0x0803cf20                bn::camera_ptr::camera_ptr(bn::camera_ptr const&)
 .text._ZN2bn10camera_ptrD2Ev
                0x0803cf40       0x38 bn_cameras_manager.o
                0x0803cf40                bn::camera_ptr::~camera_ptr()
                0x0803cf40                bn::camera_ptr::~camera_ptr()
 .text._ZNK2bn10camera_ptr1xEv
                0x0803cf78       0x14 bn_cameras_manager.o
                0x0803cf78                bn::camera_ptr::x() const
 .text._ZN2bn10camera_ptr5set_xENS_7fixed_tILi12EEE
                0x0803cf8c       0x24 bn_cameras_manager.o
                0x0803cf8c                bn::camera_ptr::set_x(bn::fixed_t<12>)
 .text._ZNK2bn10camera_ptr1yEv
                0x0803cfb0       0x18 bn_cameras_manager.o
                0x0803cfb0                bn::camera_ptr::y() const
 .text._ZN2bn10camera_ptr5set_yENS_7fixed_tILi12EEE
                0x0803cfc8       0x24 bn_cameras_manager.o
                0x0803cfc8                bn::camera_ptr::set_y(bn::fixed_t<12>)
 .text._ZNK2bn10camera_ptr8positionEv
                0x0803cfec       0x14 bn_cameras_manager.o
                0x0803cfec                bn::camera_ptr::position() const
 .text._ZN2bn15cameras_manager4initEv
                0x0803d000       0x24 bn_cameras_manager.o
                0x0803d000                bn::cameras_manager::init()
 .text._ZN2bn15cameras_manager6updateEv
                0x0803d024       0x28 bn_cameras_manager.o
                0x0803d024                bn::cameras_manager::update()
 .text._ZN2bn10camera_ptr6createENS_7fixed_tILi12EEES2_
                0x0803d04c       0x58 bn_cameras_manager.o
                0x0803d04c                bn::camera_ptr::create(bn::fixed_t<12>, bn::fixed_t<12>)
 .text.startup._GLOBAL__sub_I__ZN2bn7cameras16used_items_countEv
                0x0803d0a4       0x24 bn_cameras_manager.o
 .text._ZN2bn4core12_GLOBAL__N_14stopEb
                0x0803d0c8       0x54 bn_core.o
 .text._ZN2bn4core12_GLOBAL__N_111update_implEv
                0x0803d11c      0x114 bn_core.o
 .text._ZN2bn11string_viewC2EPKc
                0x0803d230       0x1c bn_core.o
                0x0803d230                bn::string_view::string_view(char const*)
                0x0803d230                bn::string_view::string_view(char const*)
 .text._ZN3_bn6assert12_GLOBAL__N_110_show_implEPKcS3_S3_iRKN2bn11string_viewE
                0x0803d24c       0x80 bn_core.o
 .text._ZN2bn4core6updateEv
                0x0803d2cc       0x78 bn_core.o
                0x0803d2cc                bn::core::update()
 .text._ZN2bn4core4initERKNS_8optionalINS_5colorEEERKNS_11string_viewE
                0x0803d344      0x128 bn_core.o
                0x0803d344                bn::core::init(bn::optional<bn::color> const&, bn::string_view const&)
 .text._ZN2bn4core4initEv
                0x0803d46c       0x24 bn_core.o
                0x0803d46c                bn::core::init()
 .text._ZN2bn4core9on_vblankEv
                0x0803d490       0x2c bn_core.o
                0x0803d490                bn::core::on_vblank()
 .text._ZN3_bn6assert4showEPKcS2_S2_iRKN2bn12istring_baseE
                0x0803d4bc       0x18 bn_core.o
                0x0803d4bc                _bn::assert::show(char const*, char const*, char const*, int, bn::istring_base const&)
 .text.startup._GLOBAL__sub_I__ZN2bn4core4initEv
                0x0803d4d4       0x4c bn_core.o
 .text._ZN2bn15display_manager12_GLOBAL__N_111static_dataD2Ev
                0x0803d520       0x34 bn_display_manager.o
 .text._ZN2bn15display_manager12_GLOBAL__N_134_update_rect_windows_hw_boundariesEi
                0x0803d554       0x7c bn_display_manager.o
 .text._ZN2bn15display_manager4initEv
                0x0803d5d0       0xa4 bn_display_manager.o
                0x0803d5d0                bn::display_manager::init()
 .text._ZN2bn15display_manager8set_modeEi
                0x0803d674       0x1c bn_display_manager.o
                0x0803d674                bn::display_manager::set_mode(int)
 .text._ZN2bn15display_manager14set_bg_enabledEib
                0x0803d690       0x18 bn_display_manager.o
                0x0803d690                bn::display_manager::set_bg_enabled(int, bool)
 .text._ZN2bn15display_manager15disable_all_bgsEv
                0x0803d6a8       0x14 bn_display_manager.o
                0x0803d6a8                bn::display_manager::disable_all_bgs()
 .text._ZN2bn15display_manager36fill_mosaic_hblank_effect_attributesEPKNS_17mosaic_attributesEPt
                0x0803d6bc       0xb4 bn_display_manager.o
                0x0803d6bc                bn::display_manager::fill_mosaic_hblank_effect_attributes(bn::mosaic_attributes const*, unsigned short*)
 .text._ZN2bn15display_manager27set_blending_top_bg_enabledEib
                0x0803d770       0x20 bn_display_manager.o
                0x0803d770                bn::display_manager::set_blending_top_bg_enabled(int, bool)
 .text._ZN2bn15display_manager30set_blending_bottom_bg_enabledEib
                0x0803d790       0x20 bn_display_manager.o
                0x0803d790                bn::display_manager::set_blending_bottom_bg_enabled(int, bool)
 .text._ZN2bn15display_manager32blending_transparency_top_weightEv
                0x0803d7b0       0x18 bn_display_manager.o
                0x0803d7b0                bn::display_manager::blending_transparency_top_weight()
 .text._ZN2bn15display_manager35blending_transparency_bottom_weightEv
                0x0803d7c8       0x28 bn_display_manager.o
                0x0803d7c8                bn::display_manager::blending_transparency_bottom_weight()
 .text._ZN2bn15display_manager51fill_blending_transparency_hblank_effect_attributesEPKNS_32blending_transparency_attributesEPt
                0x0803d7f0       0x30 bn_display_manager.o
                0x0803d7f0                bn::display_manager::fill_blending_transparency_hblank_effect_attributes(bn::blending_transparency_attributes const*, unsigned short*)
 .text._ZN2bn15display_manager21blending_fade_enabledEv
                0x0803d820        0xc bn_display_manager.o
                0x0803d820                bn::display_manager::blending_fade_enabled()
 .text._ZN2bn15display_manager39fill_blending_fade_hblank_effect_alphasEPKNS_19blending_fade_alphaEPt
                0x0803d82c       0x24 bn_display_manager.o
                0x0803d82c                bn::display_manager::fill_blending_fade_hblank_effect_alphas(bn::blending_fade_alpha const*, unsigned short*)
 .text._ZN2bn15display_manager26update_windows_visible_bgsEv
                0x0803d850       0x14 bn_display_manager.o
                0x0803d850                bn::display_manager::update_windows_visible_bgs()
 .text._ZN2bn15display_manager36rect_window_hw_horizontal_boundariesEi
                0x0803d864       0x18 bn_display_manager.o
                0x0803d864                bn::display_manager::rect_window_hw_horizontal_boundaries(int)
 .text._ZN2bn15display_manager34rect_window_hw_vertical_boundariesEi
                0x0803d87c       0x18 bn_display_manager.o
                0x0803d87c                bn::display_manager::rect_window_hw_vertical_boundaries(int)
 .text._ZN2bn15display_manager52fill_rect_window_hblank_effect_horizontal_boundariesERKSt4pairIiiEPKS1_INS_7fixed_tILi12EEES6_EPt
                0x0803d894      0x134 bn_display_manager.o
                0x0803d894                bn::display_manager::fill_rect_window_hblank_effect_horizontal_boundaries(std::pair<int, int> const&, std::pair<bn::fixed_t<12>, bn::fixed_t<12> > const*, unsigned short*)